../Drivers/CMSIS/Include/core_cm4.h:1939:34:__NVIC_SystemReset	4	static,ignoring_inline_asm
../Core/Src/main.c:153:5:main	8	static
../Core/Src/main.c:263:6:SystemClock_Config	88	static
../Core/Src/main.c:302:13:MX_I2C1_Init	8	static
../Core/Src/main.c:334:13:MX_TIM1_Init	96	static
../Core/Src/main.c:404:13:MX_TIM2_Init	56	static
../Core/Src/main.c:451:13:MX_TIM3_Init	56	static
../Core/Src/main.c:498:13:MX_TIM4_Init	32	static
../Core/Src/main.c:543:13:MX_TIM8_Init	96	static
../Core/Src/main.c:617:13:MX_USART3_UART_Init	8	static
../Core/Src/main.c:648:13:MX_GPIO_Init	56	static
../Core/Src/main.c:718:6:HAL_UART_RxCpltCallback	16	static
../Core/Src/main.c:725:6:delay	16	static
../Core/Src/main.c:731:6:HAL_TIM_IC_CaptureCallback	16	static
../Core/Src/main.c:761:6:HCSR04_Read	8	static
../Core/Src/main.c:770:6:moveCarStraight	16	static
../Core/Src/main.c:790:6:moveCarStop	8	static
../Core/Src/main.c:796:6:moveCarRight	16	static
../Core/Src/main.c:810:6:moveCarLeft	16	static
../Core/Src/main.c:825:5:PID_Control	16	static
../Core/Src/main.c:865:5:PID_Angle	32	static
../Core/Src/main.c:905:5:finishCheck	8	static
../Core/Src/main.c:920:6:readByte	24	static
../Core/Src/main.c:926:6:writeByte	24	static
../Core/Src/main.c:932:6:gyroInit	8	static
../Core/Src/main.c:961:6:StartDefaultTask	16	static
../Core/Src/main.c:978:6:StartMotorTask	32	static
../Core/Src/main.c:1091:6:StartOLEDTask	104	static
../Core/Src/main.c:1121:6:StartGyroTask	56	static
../Core/Src/main.c:1166:6:StartUltrasonicTask	16	static
../Core/Src/main.c:1193:6:StartCommunicateTask	24	static
../Core/Src/main.c:1278:6:StartEncoderRTask	32	static
../Core/Src/main.c:1319:6:StartEncoderLTask	32	static
../Core/Src/main.c:1357:6:Error_Handler	4	static,ignoring_inline_asm
