../Core/Src/main.c:147:5:main	3
../Core/Src/main.c:256:6:SystemClock_Config	3
../Core/Src/main.c:298:13:MX_I2C1_Init	2
../Core/Src/main.c:332:13:MX_TIM1_Init	5
../Core/Src/main.c:396:13:MX_TIM2_Init	3
../Core/Src/main.c:445:13:MX_TIM3_Init	3
../Core/Src/main.c:494:13:MX_TIM8_Init	8
../Core/Src/main.c:573:13:MX_USART3_UART_Init	2
../Core/Src/main.c:606:13:MX_GPIO_Init	1
../Core/Src/main.c:664:6:StartDefaultTask	2
../Core/Src/main.c:684:6:readByte	1
../Core/Src/main.c:690:6:writeByte	1
../Core/Src/main.c:696:6:gyroInit	1
../Core/Src/main.c:724:6:OLEDDisplay	1
../Core/Src/main.c:771:6:buzzerBeep	1
../Core/Src/main.c:778:5:PID_Control	1
../Core/Src/main.c:785:5:PID_Angle	10
../Core/Src/main.c:826:5:finishCheck	2
../Core/Src/main.c:841:6:MOTOR	2
../Core/Src/main.c:1099:6:LEncoder	4
../Core/Src/main.c:1138:6:REncoder	4
../Core/Src/main.c:1177:6:startGyroTask	2
../Core/Src/main.c:1232:6:Error_Handler	1
