Archive member included to satisfy reference by file (symbol)

C:/ST/STM32CubeIDE_1.14.1/STM32CubeIDE/plugins/com.st.stm32cube.ide.mcu.externaltools.gnu-tools-for-stm32.11.3.rel1.win32_1.1.100.202309141235/tools/bin/../lib/gcc/arm-none-eabi/11.3.1/../../../../arm-none-eabi/lib/thumb/v7e-m+fp/hard\libc_nano.a(libc_a-exit.o)
                              C:/ST/STM32CubeIDE_1.14.1/STM32CubeIDE/plugins/com.st.stm32cube.ide.mcu.externaltools.gnu-tools-for-stm32.11.3.rel1.win32_1.1.100.202309141235/tools/bin/../lib/gcc/arm-none-eabi/11.3.1/../../../../arm-none-eabi/lib/thumb/v7e-m+fp/hard/crt0.o (exit)
C:/ST/STM32CubeIDE_1.14.1/STM32CubeIDE/plugins/com.st.stm32cube.ide.mcu.externaltools.gnu-tools-for-stm32.11.3.rel1.win32_1.1.100.202309141235/tools/bin/../lib/gcc/arm-none-eabi/11.3.1/../../../../arm-none-eabi/lib/thumb/v7e-m+fp/hard\libc_nano.a(libc_a-findfp.o)
                              ./Middlewares/Third_Party/FreeRTOS/Source/tasks.o (__sf)
C:/ST/STM32CubeIDE_1.14.1/STM32CubeIDE/plugins/com.st.stm32cube.ide.mcu.externaltools.gnu-tools-for-stm32.11.3.rel1.win32_1.1.100.202309141235/tools/bin/../lib/gcc/arm-none-eabi/11.3.1/../../../../arm-none-eabi/lib/thumb/v7e-m+fp/hard\libc_nano.a(libc_a-fwalk.o)
                              C:/ST/STM32CubeIDE_1.14.1/STM32CubeIDE/plugins/com.st.stm32cube.ide.mcu.externaltools.gnu-tools-for-stm32.11.3.rel1.win32_1.1.100.202309141235/tools/bin/../lib/gcc/arm-none-eabi/11.3.1/../../../../arm-none-eabi/lib/thumb/v7e-m+fp/hard\libc_nano.a(libc_a-findfp.o) (_fwalk_sglue)
C:/ST/STM32CubeIDE_1.14.1/STM32CubeIDE/plugins/com.st.stm32cube.ide.mcu.externaltools.gnu-tools-for-stm32.11.3.rel1.win32_1.1.100.202309141235/tools/bin/../lib/gcc/arm-none-eabi/11.3.1/../../../../arm-none-eabi/lib/thumb/v7e-m+fp/hard\libc_nano.a(libc_a-sprintf.o)
                              ./Core/Src/main.o (sprintf)
C:/ST/STM32CubeIDE_1.14.1/STM32CubeIDE/plugins/com.st.stm32cube.ide.mcu.externaltools.gnu-tools-for-stm32.11.3.rel1.win32_1.1.100.202309141235/tools/bin/../lib/gcc/arm-none-eabi/11.3.1/../../../../arm-none-eabi/lib/thumb/v7e-m+fp/hard\libc_nano.a(libc_a-stdio.o)
                              C:/ST/STM32CubeIDE_1.14.1/STM32CubeIDE/plugins/com.st.stm32cube.ide.mcu.externaltools.gnu-tools-for-stm32.11.3.rel1.win32_1.1.100.202309141235/tools/bin/../lib/gcc/arm-none-eabi/11.3.1/../../../../arm-none-eabi/lib/thumb/v7e-m+fp/hard\libc_nano.a(libc_a-findfp.o) (__sread)
C:/ST/STM32CubeIDE_1.14.1/STM32CubeIDE/plugins/com.st.stm32cube.ide.mcu.externaltools.gnu-tools-for-stm32.11.3.rel1.win32_1.1.100.202309141235/tools/bin/../lib/gcc/arm-none-eabi/11.3.1/../../../../arm-none-eabi/lib/thumb/v7e-m+fp/hard\libc_nano.a(libc_a-memset.o)
                              C:/ST/STM32CubeIDE_1.14.1/STM32CubeIDE/plugins/com.st.stm32cube.ide.mcu.externaltools.gnu-tools-for-stm32.11.3.rel1.win32_1.1.100.202309141235/tools/bin/../lib/gcc/arm-none-eabi/11.3.1/../../../../arm-none-eabi/lib/thumb/v7e-m+fp/hard/crt0.o (memset)
C:/ST/STM32CubeIDE_1.14.1/STM32CubeIDE/plugins/com.st.stm32cube.ide.mcu.externaltools.gnu-tools-for-stm32.11.3.rel1.win32_1.1.100.202309141235/tools/bin/../lib/gcc/arm-none-eabi/11.3.1/../../../../arm-none-eabi/lib/thumb/v7e-m+fp/hard\libc_nano.a(libc_a-closer.o)
                              C:/ST/STM32CubeIDE_1.14.1/STM32CubeIDE/plugins/com.st.stm32cube.ide.mcu.externaltools.gnu-tools-for-stm32.11.3.rel1.win32_1.1.100.202309141235/tools/bin/../lib/gcc/arm-none-eabi/11.3.1/../../../../arm-none-eabi/lib/thumb/v7e-m+fp/hard\libc_nano.a(libc_a-stdio.o) (_close_r)
C:/ST/STM32CubeIDE_1.14.1/STM32CubeIDE/plugins/com.st.stm32cube.ide.mcu.externaltools.gnu-tools-for-stm32.11.3.rel1.win32_1.1.100.202309141235/tools/bin/../lib/gcc/arm-none-eabi/11.3.1/../../../../arm-none-eabi/lib/thumb/v7e-m+fp/hard\libc_nano.a(libc_a-reent.o)
                              ./Middlewares/Third_Party/FreeRTOS/Source/tasks.o (_reclaim_reent)
C:/ST/STM32CubeIDE_1.14.1/STM32CubeIDE/plugins/com.st.stm32cube.ide.mcu.externaltools.gnu-tools-for-stm32.11.3.rel1.win32_1.1.100.202309141235/tools/bin/../lib/gcc/arm-none-eabi/11.3.1/../../../../arm-none-eabi/lib/thumb/v7e-m+fp/hard\libc_nano.a(libc_a-impure.o)
                              ./Middlewares/Third_Party/FreeRTOS/Source/tasks.o (_impure_ptr)
C:/ST/STM32CubeIDE_1.14.1/STM32CubeIDE/plugins/com.st.stm32cube.ide.mcu.externaltools.gnu-tools-for-stm32.11.3.rel1.win32_1.1.100.202309141235/tools/bin/../lib/gcc/arm-none-eabi/11.3.1/../../../../arm-none-eabi/lib/thumb/v7e-m+fp/hard\libc_nano.a(libc_a-lseekr.o)
                              C:/ST/STM32CubeIDE_1.14.1/STM32CubeIDE/plugins/com.st.stm32cube.ide.mcu.externaltools.gnu-tools-for-stm32.11.3.rel1.win32_1.1.100.202309141235/tools/bin/../lib/gcc/arm-none-eabi/11.3.1/../../../../arm-none-eabi/lib/thumb/v7e-m+fp/hard\libc_nano.a(libc_a-stdio.o) (_lseek_r)
[...]
Memory Configuration

Name             Origin             Length             Attributes
CCMRAM           0x0000000010000000 0x0000000000010000 xrw
RAM              0x0000000020000000 0x0000000000020000 xrw
FLASH            0x0000000008000000 0x0000000000080000 xr
*default*        0x0000000000000000 0xffffffffffffffff

Linker script and memory map

LOAD C:/ST/STM32CubeIDE_1.14.1/STM32CubeIDE/plugins/com.st.stm32cube.ide.mcu.externaltools.gnu-tools-for-stm32.11.3.rel1.win32_1.1.100.202309141235/tools/bin/../lib/gcc/arm-none-eabi/11.3.1/thumb/v7e-m+fp/hard/crti.o
LOAD C:/ST/STM32CubeIDE_1.14.1/STM32CubeIDE/plugins/com.st.stm32cube.ide.mcu.externaltools.gnu-tools-for-stm32.11.3.rel1.win32_1.1.100.202309141235/tools/bin/../lib/gcc/arm-none-eabi/11.3.1/thumb/v7e-m+fp/hard/crtbegin.o
LOAD C:/ST/STM32CubeIDE_1.14.1/STM32CubeIDE/plugins/com.st.stm32cube.ide.mcu.externaltools.gnu-tools-for-stm32.11.3.rel1.win32_1.1.100.202309141235/tools/bin/../lib/gcc/arm-none-eabi/11.3.1/../../../../arm-none-eabi/lib/thumb/v7e-m+fp/hard/crt0.o
LOAD ./Core/Src/freertos.o
LOAD ./Core/Src/main.o
LOAD ./Core/Src/stm32f4xx_hal_msp.o
LOAD ./Core/Src/stm32f4xx_it.o
LOAD ./Core/Src/syscalls.o
LOAD ./Core/Src/sysmem.o
LOAD ./Core/Src/system_stm32f4xx.o
LOAD ./Core/Startup/startup_stm32f407vetx.o
LOAD ./Drivers/PeripheralDriver/Src/oled.o
LOAD ./Drivers/STM32F4xx_HAL_Driver/Src/stm32f4xx_hal.o
LOAD ./Drivers/STM32F4xx_HAL_Driver/Src/stm32f4xx_hal_cortex.o
LOAD ./Drivers/STM32F4xx_HAL_Driver/Src/stm32f4xx_hal_dma.o
LOAD ./Drivers/STM32F4xx_HAL_Driver/Src/stm32f4xx_hal_dma_ex.o
LOAD ./Drivers/STM32F4xx_HAL_Driver/Src/stm32f4xx_hal_exti.o
LOAD ./Drivers/STM32F4xx_HAL_Driver/Src/stm32f4xx_hal_flash.o
LOAD ./Drivers/STM32F4xx_HAL_Driver/Src/stm32f4xx_hal_flash_ex.o
LOAD ./Drivers/STM32F4xx_HAL_Driver/Src/stm32f4xx_hal_flash_ramfunc.o
LOAD ./Drivers/STM32F4xx_HAL_Driver/Src/stm32f4xx_hal_gpio.o
LOAD ./Drivers/STM32F4xx_HAL_Driver/Src/stm32f4xx_hal_i2c.o
LOAD ./Drivers/STM32F4xx_HAL_Driver/Src/stm32f4xx_hal_i2c_ex.o
LOAD ./Drivers/STM32F4xx_HAL_Driver/Src/stm32f4xx_hal_pwr.o
LOAD ./Drivers/STM32F4xx_HAL_Driver/Src/stm32f4xx_hal_pwr_ex.o
LOAD ./Drivers/STM32F4xx_HAL_Driver/Src/stm32f4xx_hal_rcc.o
LOAD ./Drivers/STM32F4xx_HAL_Driver/Src/stm32f4xx_hal_rcc_ex.o
LOAD ./Drivers/STM32F4xx_HAL_Driver/Src/stm32f4xx_hal_tim.o
LOAD ./Drivers/STM32F4xx_HAL_Driver/Src/stm32f4xx_hal_tim_ex.o
LOAD ./Drivers/STM32F4xx_HAL_Driver/Src/stm32f4xx_hal_uart.o
LOAD ./Middlewares/Third_Party/FreeRTOS/Source/CMSIS_RTOS_V2/cmsis_os2.o
LOAD ./Middlewares/Third_Party/FreeRTOS/Source/croutine.o
LOAD ./Middlewares/Third_Party/FreeRTOS/Source/event_groups.o
LOAD ./Middlewares/Third_Party/FreeRTOS/Source/list.o
LOAD ./Middlewares/Third_Party/FreeRTOS/Source/queue.o
LOAD ./Middlewares/Third_Party/FreeRTOS/Source/stream_buffer.o
LOAD ./Middlewares/Third_Party/FreeRTOS/Source/tasks.o
LOAD ./Middlewares/Third_Party/FreeRTOS/Source/timers.o
LOAD ./Middlewares/Third_Party/FreeRTOS/Source/portable/GCC/ARM_CM4F/port.o
LOAD ./Middlewares/Third_Party/FreeRTOS/Source/portable/MemMang/heap_4.o
START GROUP
LOAD C:/ST/STM32CubeIDE_1.14.1/STM32CubeIDE/plugins/com.st.stm32cube.ide.mcu.externaltools.gnu-tools-for-stm32.11.3.rel1.win32_1.1.100.202309141235/tools/bin/../lib/gcc/arm-none-eabi/11.3.1/../../../../arm-none-eabi/lib/thumb/v7e-m+fp/hard\libc_nano.a
LOAD C:/ST/STM32CubeIDE_1.14.1/STM32CubeIDE/plugins/com.st.stm32cube.ide.mcu.externaltools.gnu-tools-for-stm32.11.3.rel1.win32_1.1.100.202309141235/tools/bin/../lib/gcc/arm-none-eabi/11.3.1/../../../../arm-none-eabi/lib/thumb/v7e-m+fp/hard\libm.a
END GROUP
START GROUP
LOAD C:/ST/STM32CubeIDE_1.14.1/STM32CubeIDE/plugins/com.st.stm32cube.ide.mcu.externaltools.gnu-tools-for-stm32.11.3.rel1.win32_1.1.100.202309141235/tools/bin/../lib/gcc/arm-none-eabi/11.3.1/thumb/v7e-m+fp/hard\libgcc.a
LOAD C:/ST/STM32CubeIDE_1.14.1/STM32CubeIDE/plugins/com.st.stm32cube.ide.mcu.externaltools.gnu-tools-for-stm32.11.3.rel1.win32_1.1.100.202309141235/tools/bin/../lib/gcc/arm-none-eabi/11.3.1/../../../../arm-none-eabi/lib/thumb/v7e-m+fp/hard\libc_nano.a
END GROUP
START GROUP
LOAD C:/ST/STM32CubeIDE_1.14.1/STM32CubeIDE/plugins/com.st.stm32cube.ide.mcu.externaltools.gnu-tools-for-stm32.11.3.rel1.win32_1.1.100.202309141235/tools/bin/../lib/gcc/arm-none-eabi/11.3.1/thumb/v7e-m+fp/hard\libgcc.a
LOAD C:/ST/STM32CubeIDE_1.14.1/STM32CubeIDE/plugins/com.st.stm32cube.ide.mcu.externaltools.gnu-tools-for-stm32.11.3.rel1.win32_1.1.100.202309141235/tools/bin/../lib/gcc/arm-none-eabi/11.3.1/../../../../arm-none-eabi/lib/thumb/v7e-m+fp/hard\libc_nano.a
LOAD C:/ST/STM32CubeIDE_1.14.1/STM32CubeIDE/plugins/com.st.stm32cube.ide.mcu.externaltools.gnu-tools-for-stm32.11.3.rel1.win32_1.1.100.202309141235/tools/bin/../lib/gcc/arm-none-eabi/11.3.1/../../../../arm-none-eabi/lib/thumb/v7e-m+fp/hard\libnosys.a
END GROUP
START GROUP
LOAD C:/ST/STM32CubeIDE_1.14.1/STM32CubeIDE/plugins/com.st.stm32cube.ide.mcu.externaltools.gnu-tools-for-stm32.11.3.rel1.win32_1.1.100.202309141235/tools/bin/../lib/gcc/arm-none-eabi/11.3.1/thumb/v7e-m+fp/hard\libgcc.a
LOAD C:/ST/STM32CubeIDE_1.14.1/STM32CubeIDE/plugins/com.st.stm32cube.ide.mcu.externaltools.gnu-tools-for-stm32.11.3.rel1.win32_1.1.100.202309141235/tools/bin/../lib/gcc/arm-none-eabi/11.3.1/../../../../arm-none-eabi/lib/thumb/v7e-m+fp/hard\libc_nano.a
LOAD C:/ST/STM32CubeIDE_1.14.1/STM32CubeIDE/plugins/com.st.stm32cube.ide.mcu.externaltools.gnu-tools-for-stm32.11.3.rel1.win32_1.1.100.202309141235/tools/bin/../lib/gcc/arm-none-eabi/11.3.1/../../../../arm-none-eabi/lib/thumb/v7e-m+fp/hard\libnosys.a
END GROUP
LOAD C:/ST/STM32CubeIDE_1.14.1/STM32CubeIDE/plugins/com.st.stm32cube.ide.mcu.externaltools.gnu-tools-for-stm32.11.3.rel1.win32_1.1.100.202309141235/tools/bin/../lib/gcc/arm-none-eabi/11.3.1/thumb/v7e-m+fp/hard/crtend.o
LOAD C:/ST/STM32CubeIDE_1.14.1/STM32CubeIDE/plugins/com.st.stm32cube.ide.mcu.externaltools.gnu-tools-for-stm32.11.3.rel1.win32_1.1.100.202309141235/tools/bin/../lib/gcc/arm-none-eabi/11.3.1/thumb/v7e-m+fp/hard/crtn.o
                0x0000000020020000                _estack = (ORIGIN (RAM) + LENGTH (RAM))
                0x0000000000000200                _Min_Heap_Size = 0x200
                0x0000000000000400                _Min_Stack_Size = 0x400

.isr_vector     0x0000000008000000      0x188
                0x0000000008000000                . = ALIGN (0x4)
 *(.isr_vector)
 .isr_vector    0x0000000008000000      0x188 ./Core/Startup/startup_stm32f407vetx.o
                0x0000000008000000                g_pfnVectors
                0x0000000008000188                . = ALIGN (0x4)

.text           0x0000000008000190     0xafe8
                0x0000000008000190                . = ALIGN (0x4)
 *(.text)
 .text          0x0000000008000190       0x40 C:/ST/STM32CubeIDE_1.14.1/STM32CubeIDE/plugins/com.st.stm32cube.ide.mcu.externaltools.gnu-tools-for-stm32.11.3.rel1.win32_1.1.100.202309141235/tools/bin/../lib/gcc/arm-none-eabi/11.3.1/thumb/v7e-m+fp/hard/crtbegin.o
 .text          0x00000000080001d0       0xa0 C:/ST/STM32CubeIDE_1.14.1/STM32CubeIDE/plugins/com.st.stm32cube.ide.mcu.externaltools.gnu-tools-for-stm32.11.3.rel1.win32_1.1.100.202309141235/tools/bin/../lib/gcc/arm-none-eabi/11.3.1/../../../../arm-none-eabi/lib/thumb/v7e-m+fp/hard\libc_nano.a(libc_a-memchr.o)
                0x00000000080001d0                memchr
 .text          0x0000000008000270      0x378 C:/ST/STM32CubeIDE_1.14.1/STM32CubeIDE/plugins/com.st.stm32cube.ide.mcu.externaltools.gnu-tools-for-stm32.11.3.rel1.win32_1.1.100.202309141235/tools/bin/../lib/gcc/arm-none-eabi/11.3.1/thumb/v7e-m+fp/hard\libgcc.a(_arm_addsubdf3.o)
                0x0000000008000270                __aeabi_drsub
                0x0000000008000278                __aeabi_dsub
                0x0000000008000278                __subdf3
                0x000000000800027c                __aeabi_dadd
                0x000000000800027c                __adddf3
                0x00000000080004f4                __floatunsidf
                0x00000000080004f4                __aeabi_ui2d
                0x0000000008000514                __floatsidf
                0x0000000008000514                __aeabi_i2d
                0x0000000008000538                __aeabi_f2d
                0x0000000008000538                __extendsfdf2
                0x000000000800057c                __floatundidf
                0x000000000800057c                __aeabi_ul2d
                0x000000000800058c                __floatdidf
                0x000000000800058c                __aeabi_l2d
 .text          0x00000000080005e8      0x424 C:/ST/STM32CubeIDE_1.14.1/STM32CubeIDE/plugins/com.st.stm32cube.ide.mcu.externaltools.gnu-tools-for-stm32.11.3.rel1.win32_1.1.100.202309141235/tools/bin/../lib/gcc/arm-none-eabi/11.3.1/thumb/v7e-m+fp/hard\libgcc.a(_arm_muldivdf3.o)
                0x00000000080005e8                __aeabi_dmul
                0x00000000080005e8                __muldf3
                0x000000000800083c                __divdf3
                0x000000000800083c                __aeabi_ddiv
 .text          0x0000000008000a0c      0x110 C:/ST/STM32CubeIDE_1.14.1/STM32CubeIDE/plugins/com.st.stm32cube.ide.mcu.externaltools.gnu-tools-for-stm32.11.3.rel1.win32_1.1.100.202309141235/tools/bin/../lib/gcc/arm-none-eabi/11.3.1/thumb/v7e-m+fp/hard\libgcc.a(_arm_cmpdf2.o)
                0x0000000008000a0c                __gtdf2
                0x0000000008000a0c                __gedf2
                0x0000000008000a14                __ltdf2
                0x0000000008000a14                __ledf2
                0x0000000008000a1c                __nedf2
                0x0000000008000a1c                __eqdf2
                0x0000000008000a1c                __cmpdf2
                0x0000000008000a98                __aeabi_cdrcmple
                0x0000000008000aa8                __aeabi_cdcmpeq
                0x0000000008000aa8                __aeabi_cdcmple
                0x0000000008000ab8                __aeabi_dcmpeq
                0x0000000008000acc                __aeabi_dcmplt
                0x0000000008000ae0                __aeabi_dcmple
                0x0000000008000af4                __aeabi_dcmpge
                0x0000000008000b08                __aeabi_dcmpgt
 .text          0x0000000008000b1c       0x50 C:/ST/STM32CubeIDE_1.14.1/STM32CubeIDE/plugins/com.st.stm32cube.ide.mcu.externaltools.gnu-tools-for-stm32.11.3.rel1.win32_1.1.100.202309141235/tools/bin/../lib/gcc/arm-none-eabi/11.3.1/thumb/v7e-m+fp/hard\libgcc.a(_arm_fixdfsi.o)
                0x0000000008000b1c                __aeabi_d2iz
                0x0000000008000b1c                __fixdfsi
 .text          0x0000000008000b6c       0x40 C:/ST/STM32CubeIDE_1.14.1/STM32CubeIDE/plugins/com.st.stm32cube.ide.mcu.externaltools.gnu-tools-for-stm32.11.3.rel1.win32_1.1.100.202309141235/tools/bin/../lib/gcc/arm-none-eabi/11.3.1/thumb/v7e-m+fp/hard\libgcc.a(_arm_fixunsdfsi.o)
                0x0000000008000b6c                __aeabi_d2uiz
                0x0000000008000b6c                __fixunsdfsi
 .text          0x0000000008000bac       0x30 C:/ST/STM32CubeIDE_1.14.1/STM32CubeIDE/plugins/com.st.stm32cube.ide.mcu.externaltools.gnu-tools-for-stm32.11.3.rel1.win32_1.1.100.202309141235/tools/bin/../lib/gcc/arm-none-eabi/11.3.1/thumb/v7e-m+fp/hard\libgcc.a(_aeabi_uldivmod.o)
                0x0000000008000bac                __aeabi_uldivmod
 .text          0x0000000008000bdc      0x2c8 C:/ST/STM32CubeIDE_1.14.1/STM32CubeIDE/plugins/com.st.stm32cube.ide.mcu.externaltools.gnu-tools-for-stm32.11.3.rel1.win32_1.1.100.202309141235/tools/bin/../lib/gcc/arm-none-eabi/11.3.1/thumb/v7e-m+fp/hard\libgcc.a(_udivmoddi4.o)
                0x0000000008000bdc                __udivmoddi4
 .text          0x0000000008000ea4        0x4 C:/ST/STM32CubeIDE_1.14.1/STM32CubeIDE/plugins/com.st.stm32cube.ide.mcu.externaltools.gnu-tools-for-stm32.11.3.rel1.win32_1.1.100.202309141235/tools/bin/../lib/gcc/arm-none-eabi/11.3.1/thumb/v7e-m+fp/hard\libgcc.a(_dvmd_tls.o)
                0x0000000008000ea4                __aeabi_idiv0
                0x0000000008000ea4                __aeabi_ldiv0
 *(.text*)
 .text.__NVIC_SystemReset
                0x0000000008000ea8       0x2c ./Core/Src/main.o
 .text.main     0x0000000008000ed4      0x12c ./Core/Src/main.o
                0x0000000008000ed4                main
 .text.SystemClock_Config
                0x0000000008001000       0xbc ./Core/Src/main.o
                0x0000000008001000                SystemClock_Config
 .text.MX_I2C1_Init
                0x00000000080010bc       0x5c ./Core/Src/main.o
 .text.MX_TIM1_Init
                0x0000000008001118      0x13c ./Core/Src/main.o
 .text.MX_TIM2_Init
                0x0000000008001254       0xa8 ./Core/Src/main.o
 .text.MX_TIM3_Init
                0x00000000080012fc       0xa8 ./Core/Src/main.o
 .text.MX_TIM4_Init
                0x00000000080013a4       0xa8 ./Core/Src/main.o
 .text.MX_TIM8_Init
                0x000000000800144c      0x154 ./Core/Src/main.o
 .text.MX_USART3_UART_Init
                0x00000000080015a0       0x54 ./Core/Src/main.o
 .text.MX_GPIO_Init
                0x00000000080015f4      0x19c ./Core/Src/main.o
 .text.HAL_UART_RxCpltCallback
                0x0000000008001790       0x24 ./Core/Src/main.o
                0x0000000008001790                HAL_UART_RxCpltCallback
 *fill*         0x00000000080017b4        0x4 
 .text.HAL_TIM_IC_CaptureCallback
                0x00000000080017b8      0x150 ./Core/Src/main.o
                0x00000000080017b8                HAL_TIM_IC_CaptureCallback
 .text.moveCarStraight
                0x0000000008001908       0xd8 ./Core/Src/main.o
                0x0000000008001908                moveCarStraight
 .text.moveCarRight
                0x00000000080019e0       0x64 ./Core/Src/main.o
                0x00000000080019e0                moveCarRight
 .text.moveCarLeft
                0x0000000008001a44       0x64 ./Core/Src/main.o
                0x0000000008001a44                moveCarLeft
 .text.PID_Control
                0x0000000008001aa8       0xf8 ./Core/Src/main.o
                0x0000000008001aa8                PID_Control
 .text.PID_Angle
                0x0000000008001ba0      0x110 ./Core/Src/main.o
                0x0000000008001ba0                PID_Angle
 .text.finishCheck
                0x0000000008001cb0       0x68 ./Core/Src/main.o
                0x0000000008001cb0                finishCheck
 .text.readByte
                0x0000000008001d18       0x58 ./Core/Src/main.o
                0x0000000008001d18                readByte
 .text.writeByte
                0x0000000008001d70       0x48 ./Core/Src/main.o
                0x0000000008001d70                writeByte
 .text.gyroInit
                0x0000000008001db8       0x86 ./Core/Src/main.o
                0x0000000008001db8                gyroInit
 *fill*         0x0000000008001e3e        0x2 
 .text.StartDefaultTask
                0x0000000008001e40       0x20 ./Core/Src/main.o
                0x0000000008001e40                StartDefaultTask
 .text.StartMotorTask
                0x0000000008001e60      0x448 ./Core/Src/main.o
                0x0000000008001e60                StartMotorTask
 .text.StartOLEDTask
                0x00000000080022a8      0x140 ./Core/Src/main.o
                0x00000000080022a8                StartOLEDTask
 .text.StartGyroTask
                0x00000000080023e8      0x194 ./Core/Src/main.o
                0x00000000080023e8                StartGyroTask
 .text.StartUltrasonicTask
                0x000000000800257c       0x10 ./Core/Src/main.o
                0x000000000800257c                StartUltrasonicTask
 .text.StartCommunicateTask
                0x000000000800258c      0x218 ./Core/Src/main.o
                0x000000000800258c                StartCommunicateTask
 .text.StartEncoderRTask
                0x00000000080027a4       0x88 ./Core/Src/main.o
                0x00000000080027a4                StartEncoderRTask
 .text.StartEncoderLTask
                0x000000000800282c       0x88 ./Core/Src/main.o
                0x000000000800282c                StartEncoderLTask
 .text.Error_Handler
                0x00000000080028b4        0xa ./Core/Src/main.o
                0x00000000080028b4                Error_Handler
 *fill*         0x00000000080028be        0x2 
 .text.HAL_MspInit
                0x00000000080028c0       0x68 ./Core/Src/stm32f4xx_hal_msp.o
                0x00000000080028c0                HAL_MspInit
 .text.HAL_I2C_MspInit
                0x0000000008002928       0x90 ./Core/Src/stm32f4xx_hal_msp.o
                0x0000000008002928                HAL_I2C_MspInit
 .text.HAL_TIM_Base_MspInit
                0x00000000080029b8       0xec ./Core/Src/stm32f4xx_hal_msp.o
                0x00000000080029b8                HAL_TIM_Base_MspInit
 .text.HAL_TIM_Encoder_MspInit
                0x0000000008002aa4      0x134 ./Core/Src/stm32f4xx_hal_msp.o
                0x0000000008002aa4                HAL_TIM_Encoder_MspInit
 .text.HAL_TIM_IC_MspInit
                0x0000000008002bd8       0xa0 ./Core/Src/stm32f4xx_hal_msp.o
                0x0000000008002bd8                HAL_TIM_IC_MspInit
 .text.HAL_TIM_MspPostInit
                0x0000000008002c78       0x74 ./Core/Src/stm32f4xx_hal_msp.o
                0x0000000008002c78                HAL_TIM_MspPostInit
 .text.HAL_UART_MspInit
                0x0000000008002cec       0xa0 ./Core/Src/stm32f4xx_hal_msp.o
                0x0000000008002cec                HAL_UART_MspInit
 .text.NMI_Handler
                0x0000000008002d8c        0x6 ./Core/Src/stm32f4xx_it.o
                0x0000000008002d8c                NMI_Handler
 .text.HardFault_Handler
                0x0000000008002d92        0x6 ./Core/Src/stm32f4xx_it.o
                0x0000000008002d92                HardFault_Handler
 .text.MemManage_Handler
                0x0000000008002d98        0x6 ./Core/Src/stm32f4xx_it.o
                0x0000000008002d98                MemManage_Handler
 .text.BusFault_Handler
                0x0000000008002d9e        0x6 ./Core/Src/stm32f4xx_it.o
                0x0000000008002d9e                BusFault_Handler
 .text.UsageFault_Handler
                0x0000000008002da4        0x6 ./Core/Src/stm32f4xx_it.o
                0x0000000008002da4                UsageFault_Handler
 .text.DebugMon_Handler
                0x0000000008002daa        0xe ./Core/Src/stm32f4xx_it.o
                0x0000000008002daa                DebugMon_Handler
 .text.SysTick_Handler
                0x0000000008002db8       0x1a ./Core/Src/stm32f4xx_it.o
                0x0000000008002db8                SysTick_Handler
 .text.RCC_IRQHandler
                0x0000000008002dd2        0xe ./Core/Src/stm32f4xx_it.o
                0x0000000008002dd2                RCC_IRQHandler
 .text.TIM1_BRK_TIM9_IRQHandler
                0x0000000008002de0       0x14 ./Core/Src/stm32f4xx_it.o
                0x0000000008002de0                TIM1_BRK_TIM9_IRQHandler
 .text.TIM1_UP_TIM10_IRQHandler
                0x0000000008002df4       0x14 ./Core/Src/stm32f4xx_it.o
                0x0000000008002df4                TIM1_UP_TIM10_IRQHandler
 .text.TIM4_IRQHandler
                0x0000000008002e08       0x14 ./Core/Src/stm32f4xx_it.o
                0x0000000008002e08                TIM4_IRQHandler
 .text.USART3_IRQHandler
                0x0000000008002e1c       0x14 ./Core/Src/stm32f4xx_it.o
                0x0000000008002e1c                USART3_IRQHandler
 .text.TIM8_TRG_COM_TIM14_IRQHandler
                0x0000000008002e30       0x14 ./Core/Src/stm32f4xx_it.o
                0x0000000008002e30                TIM8_TRG_COM_TIM14_IRQHandler
 .text._sbrk    0x0000000008002e44       0x6c ./Core/Src/sysmem.o
                0x0000000008002e44                _sbrk
 .text.SystemInit
                0x0000000008002eb0       0x24 ./Core/Src/system_stm32f4xx.o
                0x0000000008002eb0                SystemInit
 .text.Reset_Handler
                0x0000000008002ed4       0x50 ./Core/Startup/startup_stm32f407vetx.o
                0x0000000008002ed4                Reset_Handler
 .text.Default_Handler
                0x0000000008002f24        0x2 ./Core/Startup/startup_stm32f407vetx.o
                0x0000000008002f24                RTC_Alarm_IRQHandler
                0x0000000008002f24                HASH_RNG_IRQHandler
                0x0000000008002f24                EXTI2_IRQHandler
                0x0000000008002f24                TIM8_CC_IRQHandler
                0x0000000008002f24                TIM1_CC_IRQHandler
                0x0000000008002f24                DMA2_Stream5_IRQHandler
                0x0000000008002f24                DMA1_Stream5_IRQHandler
                0x0000000008002f24                PVD_IRQHandler
                0x0000000008002f24                SDIO_IRQHandler
                0x0000000008002f24                TAMP_STAMP_IRQHandler
                0x0000000008002f24                CAN2_RX1_IRQHandler
                0x0000000008002f24                EXTI3_IRQHandler
                0x0000000008002f24                TIM8_UP_TIM13_IRQHandler
                0x0000000008002f24                I2C3_ER_IRQHandler
                0x0000000008002f24                EXTI0_IRQHandler
                0x0000000008002f24                I2C2_EV_IRQHandler
                0x0000000008002f24                DMA1_Stream2_IRQHandler
                0x0000000008002f24                CAN1_RX0_IRQHandler
                0x0000000008002f24                FPU_IRQHandler
                0x0000000008002f24                OTG_HS_WKUP_IRQHandler
                0x0000000008002f24                CAN2_SCE_IRQHandler
                0x0000000008002f24                DMA2_Stream2_IRQHandler
                0x0000000008002f24                SPI1_IRQHandler
                0x0000000008002f24                TIM6_DAC_IRQHandler
                0x0000000008002f24                DCMI_IRQHandler
                0x0000000008002f24                CAN2_RX0_IRQHandler
                0x0000000008002f24                DMA2_Stream3_IRQHandler
                0x0000000008002f24                USART6_IRQHandler
                0x0000000008002f24                CAN1_RX1_IRQHandler
                0x0000000008002f24                UART5_IRQHandler
                0x0000000008002f24                DMA2_Stream0_IRQHandler
                0x0000000008002f24                I2C1_EV_IRQHandler
                0x0000000008002f24                DMA1_Stream6_IRQHandler
                0x0000000008002f24                DMA1_Stream1_IRQHandler
                0x0000000008002f24                UART4_IRQHandler
                0x0000000008002f24                TIM3_IRQHandler
                0x0000000008002f24                TIM8_BRK_TIM12_IRQHandler
                0x0000000008002f24                Default_Handler
                0x0000000008002f24                EXTI15_10_IRQHandler
                0x0000000008002f24                ADC_IRQHandler
                0x0000000008002f24                DMA1_Stream7_IRQHandler
                0x0000000008002f24                TIM7_IRQHandler
                0x0000000008002f24                CAN2_TX_IRQHandler
                0x0000000008002f24                TIM5_IRQHandler
                0x0000000008002f24                DMA2_Stream7_IRQHandler
                0x0000000008002f24                I2C3_EV_IRQHandler
                0x0000000008002f24                EXTI9_5_IRQHandler
                0x0000000008002f24                RTC_WKUP_IRQHandler
                0x0000000008002f24                ETH_WKUP_IRQHandler
                0x0000000008002f24                SPI2_IRQHandler
                0x0000000008002f24                OTG_HS_EP1_IN_IRQHandler
                0x0000000008002f24                DMA1_Stream0_IRQHandler
                0x0000000008002f24                CAN1_TX_IRQHandler
                0x0000000008002f24                EXTI4_IRQHandler
                0x0000000008002f24                FSMC_IRQHandler
                0x0000000008002f24                ETH_IRQHandler
                0x0000000008002f24                OTG_HS_EP1_OUT_IRQHandler
                0x0000000008002f24                WWDG_IRQHandler
                0x0000000008002f24                TIM2_IRQHandler
                0x0000000008002f24                OTG_FS_WKUP_IRQHandler
                0x0000000008002f24                TIM1_TRG_COM_TIM11_IRQHandler
                0x0000000008002f24                OTG_HS_IRQHandler
                0x0000000008002f24                EXTI1_IRQHandler
                0x0000000008002f24                USART2_IRQHandler
                0x0000000008002f24                I2C2_ER_IRQHandler
                0x0000000008002f24                DMA2_Stream1_IRQHandler
                0x0000000008002f24                CAN1_SCE_IRQHandler
                0x0000000008002f24                FLASH_IRQHandler
                0x0000000008002f24                DMA2_Stream4_IRQHandler
                0x0000000008002f24                USART1_IRQHandler
                0x0000000008002f24                OTG_FS_IRQHandler
                0x0000000008002f24                SPI3_IRQHandler
                0x0000000008002f24                DMA1_Stream4_IRQHandler
                0x0000000008002f24                I2C1_ER_IRQHandler
                0x0000000008002f24                DMA2_Stream6_IRQHandler
                0x0000000008002f24                DMA1_Stream3_IRQHandler
 *fill*         0x0000000008002f26        0x2 
 .text.OLED_Refresh_Gram
                0x0000000008002f28       0x70 ./Drivers/PeripheralDriver/Src/oled.o
                0x0000000008002f28                OLED_Refresh_Gram
 .text.OLED_WR_Byte
                0x0000000008002f98       0x94 ./Drivers/PeripheralDriver/Src/oled.o
                0x0000000008002f98                OLED_WR_Byte
 .text.OLED_Clear
                0x000000000800302c       0x4c ./Drivers/PeripheralDriver/Src/oled.o
                0x000000000800302c                OLED_Clear
 .text.OLED_DrawPoint
                0x0000000008003078       0xb4 ./Drivers/PeripheralDriver/Src/oled.o
                0x0000000008003078                OLED_DrawPoint
 .text.OLED_ShowChar
                0x000000000800312c       0xe4 ./Drivers/PeripheralDriver/Src/oled.o
                0x000000000800312c                OLED_ShowChar
 .text.OLED_ShowString
                0x0000000008003210       0x64 ./Drivers/PeripheralDriver/Src/oled.o
                0x0000000008003210                OLED_ShowString
 .text.OLED_Init
                0x0000000008003274      0x118 ./Drivers/PeripheralDriver/Src/oled.o
                0x0000000008003274                OLED_Init
 .text.HAL_Init
                0x000000000800338c       0x44 ./Drivers/STM32F4xx_HAL_Driver/Src/stm32f4xx_hal.o
                0x000000000800338c                HAL_Init
 .text.HAL_InitTick
                0x00000000080033d0       0x60 ./Drivers/STM32F4xx_HAL_Driver/Src/stm32f4xx_hal.o
                0x00000000080033d0                HAL_InitTick
 .text.HAL_IncTick
                0x0000000008003430       0x28 ./Drivers/STM32F4xx_HAL_Driver/Src/stm32f4xx_hal.o
                0x0000000008003430                HAL_IncTick
 .text.HAL_GetTick
                0x0000000008003458       0x18 ./Drivers/STM32F4xx_HAL_Driver/Src/stm32f4xx_hal.o
                0x0000000008003458                HAL_GetTick
 .text.HAL_Delay
                0x0000000008003470       0x48 ./Drivers/STM32F4xx_HAL_Driver/Src/stm32f4xx_hal.o
                0x0000000008003470                HAL_Delay
 .text.__NVIC_SetPriorityGrouping
                0x00000000080034b8       0x48 ./Drivers/STM32F4xx_HAL_Driver/Src/stm32f4xx_hal_cortex.o
 .text.__NVIC_GetPriorityGrouping
                0x0000000008003500       0x1c ./Drivers/STM32F4xx_HAL_Driver/Src/stm32f4xx_hal_cortex.o
 .text.__NVIC_EnableIRQ
                0x000000000800351c       0x3c ./Drivers/STM32F4xx_HAL_Driver/Src/stm32f4xx_hal_cortex.o
 .text.__NVIC_SetPriority
                0x0000000008003558       0x54 ./Drivers/STM32F4xx_HAL_Driver/Src/stm32f4xx_hal_cortex.o
 .text.NVIC_EncodePriority
                0x00000000080035ac       0x66 ./Drivers/STM32F4xx_HAL_Driver/Src/stm32f4xx_hal_cortex.o
 *fill*         0x0000000008003612        0x2 
 .text.SysTick_Config
                0x0000000008003614       0x44 ./Drivers/STM32F4xx_HAL_Driver/Src/stm32f4xx_hal_cortex.o
 .text.HAL_NVIC_SetPriorityGrouping
                0x0000000008003658       0x16 ./Drivers/STM32F4xx_HAL_Driver/Src/stm32f4xx_hal_cortex.o
                0x0000000008003658                HAL_NVIC_SetPriorityGrouping
 .text.HAL_NVIC_SetPriority
                0x000000000800366e       0x38 ./Drivers/STM32F4xx_HAL_Driver/Src/stm32f4xx_hal_cortex.o
                0x000000000800366e                HAL_NVIC_SetPriority
 .text.HAL_NVIC_EnableIRQ
                0x00000000080036a6       0x1c ./Drivers/STM32F4xx_HAL_Driver/Src/stm32f4xx_hal_cortex.o
                0x00000000080036a6                HAL_NVIC_EnableIRQ
 .text.HAL_SYSTICK_Config
                0x00000000080036c2       0x18 ./Drivers/STM32F4xx_HAL_Driver/Src/stm32f4xx_hal_cortex.o
                0x00000000080036c2                HAL_SYSTICK_Config
 .text.HAL_DMA_Abort
                0x00000000080036da       0xe0 ./Drivers/STM32F4xx_HAL_Driver/Src/stm32f4xx_hal_dma.o
                0x00000000080036da                HAL_DMA_Abort
 .text.HAL_DMA_Abort_IT
                0x00000000080037ba       0x44 ./Drivers/STM32F4xx_HAL_Driver/Src/stm32f4xx_hal_dma.o
                0x00000000080037ba                HAL_DMA_Abort_IT
 *fill*         0x00000000080037fe        0x2 
 .text.HAL_GPIO_Init
                0x0000000008003800      0x338 ./Drivers/STM32F4xx_HAL_Driver/Src/stm32f4xx_hal_gpio.o
                0x0000000008003800                HAL_GPIO_Init
 .text.HAL_GPIO_WritePin
                0x0000000008003b38       0x32 ./Drivers/STM32F4xx_HAL_Driver/Src/stm32f4xx_hal_gpio.o
                0x0000000008003b38                HAL_GPIO_WritePin
 .text.HAL_GPIO_TogglePin
                0x0000000008003b6a       0x34 ./Drivers/STM32F4xx_HAL_Driver/Src/stm32f4xx_hal_gpio.o
                0x0000000008003b6a                HAL_GPIO_TogglePin
 *fill*         0x0000000008003b9e        0x2 
 .text.HAL_I2C_Init
                0x0000000008003ba0      0x288 ./Drivers/STM32F4xx_HAL_Driver/Src/stm32f4xx_hal_i2c.o
                0x0000000008003ba0                HAL_I2C_Init
 .text.HAL_I2C_Master_Transmit
                0x0000000008003e28      0x1fc ./Drivers/STM32F4xx_HAL_Driver/Src/stm32f4xx_hal_i2c.o
                0x0000000008003e28                HAL_I2C_Master_Transmit
 .text.HAL_I2C_Master_Receive
                0x0000000008004024      0x44c ./Drivers/STM32F4xx_HAL_Driver/Src/stm32f4xx_hal_i2c.o
                0x0000000008004024                HAL_I2C_Master_Receive
 .text.I2C_MasterRequestWrite
                0x0000000008004470      0x104 ./Drivers/STM32F4xx_HAL_Driver/Src/stm32f4xx_hal_i2c.o
 .text.I2C_MasterRequestRead
                0x0000000008004574      0x19c ./Drivers/STM32F4xx_HAL_Driver/Src/stm32f4xx_hal_i2c.o
 .text.I2C_WaitOnFlagUntilTimeout
                0x0000000008004710       0xae ./Drivers/STM32F4xx_HAL_Driver/Src/stm32f4xx_hal_i2c.o
 .text.I2C_WaitOnMasterAddressFlagUntilTimeout
                0x00000000080047be       0xfe ./Drivers/STM32F4xx_HAL_Driver/Src/stm32f4xx_hal_i2c.o
 .text.I2C_WaitOnTXEFlagUntilTimeout
                0x00000000080048bc       0x82 ./Drivers/STM32F4xx_HAL_Driver/Src/stm32f4xx_hal_i2c.o
 .text.I2C_WaitOnBTFFlagUntilTimeout
                0x000000000800493e       0x82 ./Drivers/STM32F4xx_HAL_Driver/Src/stm32f4xx_hal_i2c.o
 .text.I2C_WaitOnRXNEFlagUntilTimeout
                0x00000000080049c0       0xac ./Drivers/STM32F4xx_HAL_Driver/Src/stm32f4xx_hal_i2c.o
 .text.I2C_IsAcknowledgeFailed
                0x0000000008004a6c       0x5e ./Drivers/STM32F4xx_HAL_Driver/Src/stm32f4xx_hal_i2c.o
 *fill*         0x0000000008004aca        0x2 
 .text.HAL_PWR_EnableBkUpAccess
                0x0000000008004acc       0x28 ./Drivers/STM32F4xx_HAL_Driver/Src/stm32f4xx_hal_pwr.o
                0x0000000008004acc                HAL_PWR_EnableBkUpAccess
 .text.HAL_PWR_DisableBkUpAccess
                0x0000000008004af4       0x28 ./Drivers/STM32F4xx_HAL_Driver/Src/stm32f4xx_hal_pwr.o
                0x0000000008004af4                HAL_PWR_DisableBkUpAccess
 .text.HAL_RCC_OscConfig
                0x0000000008004b1c      0x4f0 ./Drivers/STM32F4xx_HAL_Driver/Src/stm32f4xx_hal_rcc.o
                0x0000000008004b1c                HAL_RCC_OscConfig
 .text.HAL_RCC_ClockConfig
                0x000000000800500c      0x1cc ./Drivers/STM32F4xx_HAL_Driver/Src/stm32f4xx_hal_rcc.o
                0x000000000800500c                HAL_RCC_ClockConfig
 .text.HAL_RCC_GetSysClockFreq
                0x00000000080051d8      0x18c ./Drivers/STM32F4xx_HAL_Driver/Src/stm32f4xx_hal_rcc.o
                0x00000000080051d8                HAL_RCC_GetSysClockFreq
 .text.HAL_RCC_GetHCLKFreq
                0x0000000008005364       0x18 ./Drivers/STM32F4xx_HAL_Driver/Src/stm32f4xx_hal_rcc.o
                0x0000000008005364                HAL_RCC_GetHCLKFreq
 .text.HAL_RCC_GetPCLK1Freq
                0x000000000800537c       0x28 ./Drivers/STM32F4xx_HAL_Driver/Src/stm32f4xx_hal_rcc.o
                0x000000000800537c                HAL_RCC_GetPCLK1Freq
 .text.HAL_RCC_GetPCLK2Freq
                0x00000000080053a4       0x28 ./Drivers/STM32F4xx_HAL_Driver/Src/stm32f4xx_hal_rcc.o
                0x00000000080053a4                HAL_RCC_GetPCLK2Freq
 .text.HAL_TIM_Base_Init
                0x00000000080053cc       0x9e ./Drivers/STM32F4xx_HAL_Driver/Src/stm32f4xx_hal_tim.o
                0x00000000080053cc                HAL_TIM_Base_Init
 .text.HAL_TIM_PWM_Init
                0x000000000800546a       0x9e ./Drivers/STM32F4xx_HAL_Driver/Src/stm32f4xx_hal_tim.o
                0x000000000800546a                HAL_TIM_PWM_Init
 .text.HAL_TIM_PWM_MspInit
                0x0000000008005508       0x14 ./Drivers/STM32F4xx_HAL_Driver/Src/stm32f4xx_hal_tim.o
                0x0000000008005508                HAL_TIM_PWM_MspInit
 .text.HAL_TIM_PWM_Start
                0x000000000800551c      0x190 ./Drivers/STM32F4xx_HAL_Driver/Src/stm32f4xx_hal_tim.o
                0x000000000800551c                HAL_TIM_PWM_Start
 .text.HAL_TIM_IC_Init
                0x00000000080056ac       0x9e ./Drivers/STM32F4xx_HAL_Driver/Src/stm32f4xx_hal_tim.o
                0x00000000080056ac                HAL_TIM_IC_Init
 .text.HAL_TIM_Encoder_Init
                0x000000000800574a      0x14c ./Drivers/STM32F4xx_HAL_Driver/Src/stm32f4xx_hal_tim.o
                0x000000000800574a                HAL_TIM_Encoder_Init
 .text.HAL_TIM_Encoder_Start
                0x0000000008005896      0x11c ./Drivers/STM32F4xx_HAL_Driver/Src/stm32f4xx_hal_tim.o
                0x0000000008005896                HAL_TIM_Encoder_Start
 .text.HAL_TIM_IRQHandler
                0x00000000080059b2      0x210 ./Drivers/STM32F4xx_HAL_Driver/Src/stm32f4xx_hal_tim.o
                0x00000000080059b2                HAL_TIM_IRQHandler
 .text.HAL_TIM_IC_ConfigChannel
                0x0000000008005bc2      0x138 ./Drivers/STM32F4xx_HAL_Driver/Src/stm32f4xx_hal_tim.o
                0x0000000008005bc2                HAL_TIM_IC_ConfigChannel
 *fill*         0x0000000008005cfa        0x2 
 .text.HAL_TIM_PWM_ConfigChannel
                0x0000000008005cfc      0x184 ./Drivers/STM32F4xx_HAL_Driver/Src/stm32f4xx_hal_tim.o
                0x0000000008005cfc                HAL_TIM_PWM_ConfigChannel
 .text.HAL_TIM_ConfigClockSource
                0x0000000008005e80      0x18e ./Drivers/STM32F4xx_HAL_Driver/Src/stm32f4xx_hal_tim.o
                0x0000000008005e80                HAL_TIM_ConfigClockSource
 *fill*         0x000000000800600e        0x2 
 .text.HAL_TIM_ReadCapturedValue
                0x0000000008006010       0x88 ./Drivers/STM32F4xx_HAL_Driver/Src/stm32f4xx_hal_tim.o
                0x0000000008006010                HAL_TIM_ReadCapturedValue
 .text.HAL_TIM_PeriodElapsedCallback
                0x0000000008006098       0x14 ./Drivers/STM32F4xx_HAL_Driver/Src/stm32f4xx_hal_tim.o
                0x0000000008006098                HAL_TIM_PeriodElapsedCallback
 .text.HAL_TIM_OC_DelayElapsedCallback
                0x00000000080060ac       0x14 ./Drivers/STM32F4xx_HAL_Driver/Src/stm32f4xx_hal_tim.o
                0x00000000080060ac                HAL_TIM_OC_DelayElapsedCallback
 .text.HAL_TIM_PWM_PulseFinishedCallback
                0x00000000080060c0       0x14 ./Drivers/STM32F4xx_HAL_Driver/Src/stm32f4xx_hal_tim.o
                0x00000000080060c0                HAL_TIM_PWM_PulseFinishedCallback
 .text.HAL_TIM_TriggerCallback
                0x00000000080060d4       0x14 ./Drivers/STM32F4xx_HAL_Driver/Src/stm32f4xx_hal_tim.o
                0x00000000080060d4                HAL_TIM_TriggerCallback
 .text.TIM_Base_SetConfig
                0x00000000080060e8      0x140 ./Drivers/STM32F4xx_HAL_Driver/Src/stm32f4xx_hal_tim.o
                0x00000000080060e8                TIM_Base_SetConfig
 .text.TIM_OC1_SetConfig
                0x0000000008006228       0xe0 ./Drivers/STM32F4xx_HAL_Driver/Src/stm32f4xx_hal_tim.o
 .text.TIM_OC2_SetConfig
                0x0000000008006308       0xec ./Drivers/STM32F4xx_HAL_Driver/Src/stm32f4xx_hal_tim.o
                0x0000000008006308                TIM_OC2_SetConfig
 .text.TIM_OC3_SetConfig
                0x00000000080063f4       0xe8 ./Drivers/STM32F4xx_HAL_Driver/Src/stm32f4xx_hal_tim.o
 .text.TIM_OC4_SetConfig
                0x00000000080064dc       0xac ./Drivers/STM32F4xx_HAL_Driver/Src/stm32f4xx_hal_tim.o
 .text.TIM_TI1_SetConfig
                0x0000000008006588       0xe8 ./Drivers/STM32F4xx_HAL_Driver/Src/stm32f4xx_hal_tim.o
                0x0000000008006588                TIM_TI1_SetConfig
 .text.TIM_TI1_ConfigInputStage
                0x0000000008006670       0x5e ./Drivers/STM32F4xx_HAL_Driver/Src/stm32f4xx_hal_tim.o
 .text.TIM_TI2_SetConfig
                0x00000000080066ce       0x7a ./Drivers/STM32F4xx_HAL_Driver/Src/stm32f4xx_hal_tim.o
 .text.TIM_TI2_ConfigInputStage
                0x0000000008006748       0x60 ./Drivers/STM32F4xx_HAL_Driver/Src/stm32f4xx_hal_tim.o
 .text.TIM_TI3_SetConfig
                0x00000000080067a8       0x78 ./Drivers/STM32F4xx_HAL_Driver/Src/stm32f4xx_hal_tim.o
 .text.TIM_TI4_SetConfig
                0x0000000008006820       0x7a ./Drivers/STM32F4xx_HAL_Driver/Src/stm32f4xx_hal_tim.o
 .text.TIM_ITRx_SetConfig
                0x000000000800689a       0x36 ./Drivers/STM32F4xx_HAL_Driver/Src/stm32f4xx_hal_tim.o
 .text.TIM_ETR_SetConfig
                0x00000000080068d0       0x40 ./Drivers/STM32F4xx_HAL_Driver/Src/stm32f4xx_hal_tim.o
                0x00000000080068d0                TIM_ETR_SetConfig
 .text.TIM_CCxChannelCmd
                0x0000000008006910       0x4a ./Drivers/STM32F4xx_HAL_Driver/Src/stm32f4xx_hal_tim.o
                0x0000000008006910                TIM_CCxChannelCmd
 *fill*         0x000000000800695a        0x2 
 .text.HAL_TIMEx_MasterConfigSynchronization
                0x000000000800695c       0xf8 ./Drivers/STM32F4xx_HAL_Driver/Src/stm32f4xx_hal_tim_ex.o
                0x000000000800695c                HAL_TIMEx_MasterConfigSynchronization
 .text.HAL_TIMEx_ConfigBreakDeadTime
                0x0000000008006a54       0xa4 ./Drivers/STM32F4xx_HAL_Driver/Src/stm32f4xx_hal_tim_ex.o
                0x0000000008006a54                HAL_TIMEx_ConfigBreakDeadTime
 .text.HAL_TIMEx_CommutCallback
                0x0000000008006af8       0x14 ./Drivers/STM32F4xx_HAL_Driver/Src/stm32f4xx_hal_tim_ex.o
                0x0000000008006af8                HAL_TIMEx_CommutCallback
 .text.HAL_TIMEx_BreakCallback
                0x0000000008006b0c       0x14 ./Drivers/STM32F4xx_HAL_Driver/Src/stm32f4xx_hal_tim_ex.o
                0x0000000008006b0c                HAL_TIMEx_BreakCallback
 .text.HAL_UART_Init
                0x0000000008006b20       0x9a ./Drivers/STM32F4xx_HAL_Driver/Src/stm32f4xx_hal_uart.o
                0x0000000008006b20                HAL_UART_Init
 .text.HAL_UART_Transmit
                0x0000000008006bba      0x124 ./Drivers/STM32F4xx_HAL_Driver/Src/stm32f4xx_hal_uart.o
                0x0000000008006bba                HAL_UART_Transmit
 .text.HAL_UART_Receive_IT
                0x0000000008006cde       0x60 ./Drivers/STM32F4xx_HAL_Driver/Src/stm32f4xx_hal_uart.o
                0x0000000008006cde                HAL_UART_Receive_IT
 *fill*         0x0000000008006d3e        0x2 
 .text.HAL_UART_IRQHandler
                0x0000000008006d40      0x51c ./Drivers/STM32F4xx_HAL_Driver/Src/stm32f4xx_hal_uart.o
                0x0000000008006d40                HAL_UART_IRQHandler
 .text.HAL_UART_TxCpltCallback
                0x000000000800725c       0x14 ./Drivers/STM32F4xx_HAL_Driver/Src/stm32f4xx_hal_uart.o
                0x000000000800725c                HAL_UART_TxCpltCallback
 .text.HAL_UART_ErrorCallback
                0x0000000008007270       0x14 ./Drivers/STM32F4xx_HAL_Driver/Src/stm32f4xx_hal_uart.o
                0x0000000008007270                HAL_UART_ErrorCallback
 .text.HAL_UARTEx_RxEventCallback
                0x0000000008007284       0x18 ./Drivers/STM32F4xx_HAL_Driver/Src/stm32f4xx_hal_uart.o
                0x0000000008007284                HAL_UARTEx_RxEventCallback
 .text.UART_WaitOnFlagUntilTimeout
                0x000000000800729c       0xdc ./Drivers/STM32F4xx_HAL_Driver/Src/stm32f4xx_hal_uart.o
 .text.UART_Start_Receive_IT
                0x0000000008007378       0x7c ./Drivers/STM32F4xx_HAL_Driver/Src/stm32f4xx_hal_uart.o
                0x0000000008007378                UART_Start_Receive_IT
 .text.UART_EndRxTransfer
                0x00000000080073f4       0xc6 ./Drivers/STM32F4xx_HAL_Driver/Src/stm32f4xx_hal_uart.o
 .text.UART_DMAAbortOnError
                0x00000000080074ba       0x28 ./Drivers/STM32F4xx_HAL_Driver/Src/stm32f4xx_hal_uart.o
 .text.UART_Transmit_IT
                0x00000000080074e2       0xa0 ./Drivers/STM32F4xx_HAL_Driver/Src/stm32f4xx_hal_uart.o
 .text.UART_EndTransmit_IT
                0x0000000008007582       0x30 ./Drivers/STM32F4xx_HAL_Driver/Src/stm32f4xx_hal_uart.o
 .text.UART_Receive_IT
                0x00000000080075b2      0x176 ./Drivers/STM32F4xx_HAL_Driver/Src/stm32f4xx_hal_uart.o
 .text.UART_SetConfig
                0x0000000008007728      0x4e8 ./Drivers/STM32F4xx_HAL_Driver/Src/stm32f4xx_hal_uart.o
 .text.__NVIC_SetPriority
                0x0000000008007c10       0x54 ./Middlewares/Third_Party/FreeRTOS/Source/CMSIS_RTOS_V2/cmsis_os2.o
 .text.SVC_Setup
                0x0000000008007c64       0x12 ./Middlewares/Third_Party/FreeRTOS/Source/CMSIS_RTOS_V2/cmsis_os2.o
 *fill*         0x0000000008007c76        0x2 
 .text.osKernelInitialize
                0x0000000008007c78       0x48 ./Middlewares/Third_Party/FreeRTOS/Source/CMSIS_RTOS_V2/cmsis_os2.o
                0x0000000008007c78                osKernelInitialize
 .text.osKernelStart
                0x0000000008007cc0       0x4c ./Middlewares/Third_Party/FreeRTOS/Source/CMSIS_RTOS_V2/cmsis_os2.o
                0x0000000008007cc0                osKernelStart
 .text.osThreadNew
                0x0000000008007d0c      0x124 ./Middlewares/Third_Party/FreeRTOS/Source/CMSIS_RTOS_V2/cmsis_os2.o
                0x0000000008007d0c                osThreadNew
 .text.osDelay  0x0000000008007e30       0x36 ./Middlewares/Third_Party/FreeRTOS/Source/CMSIS_RTOS_V2/cmsis_os2.o
                0x0000000008007e30                osDelay
 *fill*         0x0000000008007e66        0x2 
 .text.vApplicationGetIdleTaskMemory
                0x0000000008007e68       0x34 ./Middlewares/Third_Party/FreeRTOS/Source/CMSIS_RTOS_V2/cmsis_os2.o
                0x0000000008007e68                vApplicationGetIdleTaskMemory
 .text.vApplicationGetTimerTaskMemory
                0x0000000008007e9c       0x34 ./Middlewares/Third_Party/FreeRTOS/Source/CMSIS_RTOS_V2/cmsis_os2.o
                0x0000000008007e9c                vApplicationGetTimerTaskMemory
 .text.vListInitialise
                0x0000000008007ed0       0x40 ./Middlewares/Third_Party/FreeRTOS/Source/list.o
                0x0000000008007ed0                vListInitialise
 .text.vListInitialiseItem
                0x0000000008007f10       0x1a ./Middlewares/Third_Party/FreeRTOS/Source/list.o
                0x0000000008007f10                vListInitialiseItem
 .text.vListInsertEnd
                0x0000000008007f2a       0x48 ./Middlewares/Third_Party/FreeRTOS/Source/list.o
                0x0000000008007f2a                vListInsertEnd
 .text.vListInsert
                0x0000000008007f72       0x72 ./Middlewares/Third_Party/FreeRTOS/Source/list.o
                0x0000000008007f72                vListInsert
 .text.uxListRemove
                0x0000000008007fe4       0x54 ./Middlewares/Third_Party/FreeRTOS/Source/list.o
                0x0000000008007fe4                uxListRemove
 .text.xQueueGenericReset
                0x0000000008008038       0xd0 ./Middlewares/Third_Party/FreeRTOS/Source/queue.o
                0x0000000008008038                xQueueGenericReset
 .text.xQueueGenericCreateStatic
                0x0000000008008108       0xf0 ./Middlewares/Third_Party/FreeRTOS/Source/queue.o
                0x0000000008008108                xQueueGenericCreateStatic
 .text.prvInitialiseNewQueue
                0x00000000080081f8       0x46 ./Middlewares/Third_Party/FreeRTOS/Source/queue.o
 *fill*         0x000000000800823e        0x2 
 .text.xQueueGenericSend
                0x0000000008008240      0x1fc ./Middlewares/Third_Party/FreeRTOS/Source/queue.o
                0x0000000008008240                xQueueGenericSend
 .text.xQueueGenericSendFromISR
                0x000000000800843c      0x136 ./Middlewares/Third_Party/FreeRTOS/Source/queue.o
                0x000000000800843c                xQueueGenericSendFromISR
 *fill*         0x0000000008008572        0x2 
 .text.xQueueReceive
                0x0000000008008574      0x1c0 ./Middlewares/Third_Party/FreeRTOS/Source/queue.o
                0x0000000008008574                xQueueReceive
 .text.prvCopyDataToQueue
                0x0000000008008734       0xd4 ./Middlewares/Third_Party/FreeRTOS/Source/queue.o
 .text.prvCopyDataFromQueue
                0x0000000008008808       0x4c ./Middlewares/Third_Party/FreeRTOS/Source/queue.o
 .text.prvUnlockQueue
                0x0000000008008854       0xa4 ./Middlewares/Third_Party/FreeRTOS/Source/queue.o
 .text.prvIsQueueEmpty
                0x00000000080088f8       0x2c ./Middlewares/Third_Party/FreeRTOS/Source/queue.o
 .text.prvIsQueueFull
                0x0000000008008924       0x30 ./Middlewares/Third_Party/FreeRTOS/Source/queue.o
 .text.vQueueAddToRegistry
                0x0000000008008954       0x54 ./Middlewares/Third_Party/FreeRTOS/Source/queue.o
                0x0000000008008954                vQueueAddToRegistry
 .text.vQueueWaitForMessageRestricted
                0x00000000080089a8       0x68 ./Middlewares/Third_Party/FreeRTOS/Source/queue.o
                0x00000000080089a8                vQueueWaitForMessageRestricted
 .text.xTaskCreateStatic
                0x0000000008008a10       0xba ./Middlewares/Third_Party/FreeRTOS/Source/tasks.o
                0x0000000008008a10                xTaskCreateStatic
 .text.xTaskCreate
                0x0000000008008aca       0x8a ./Middlewares/Third_Party/FreeRTOS/Source/tasks.o
                0x0000000008008aca                xTaskCreate
 .text.prvInitialiseNewTask
                0x0000000008008b54      0x14c ./Middlewares/Third_Party/FreeRTOS/Source/tasks.o
 .text.prvAddNewTaskToReadyList
                0x0000000008008ca0       0xe0 ./Middlewares/Third_Party/FreeRTOS/Source/tasks.o
 .text.vTaskDelay
                0x0000000008008d80       0x68 ./Middlewares/Third_Party/FreeRTOS/Source/tasks.o
                0x0000000008008d80                vTaskDelay
 .text.vTaskStartScheduler
                0x0000000008008de8       0xe0 ./Middlewares/Third_Party/FreeRTOS/Source/tasks.o
                0x0000000008008de8                vTaskStartScheduler
 .text.vTaskSuspendAll
                0x0000000008008ec8       0x1c ./Middlewares/Third_Party/FreeRTOS/Source/tasks.o
                0x0000000008008ec8                vTaskSuspendAll
 .text.xTaskResumeAll
                0x0000000008008ee4      0x13c ./Middlewares/Third_Party/FreeRTOS/Source/tasks.o
                0x0000000008008ee4                xTaskResumeAll
 .text.xTaskGetTickCount
                0x0000000008009020       0x20 ./Middlewares/Third_Party/FreeRTOS/Source/tasks.o
                0x0000000008009020                xTaskGetTickCount
 .text.xTaskIncrementTick
                0x0000000008009040      0x174 ./Middlewares/Third_Party/FreeRTOS/Source/tasks.o
                0x0000000008009040                xTaskIncrementTick
 .text.vTaskSwitchContext
                0x00000000080091b4       0xc8 ./Middlewares/Third_Party/FreeRTOS/Source/tasks.o
                0x00000000080091b4                vTaskSwitchContext
 .text.vTaskPlaceOnEventList
                0x000000000800927c       0x48 ./Middlewares/Third_Party/FreeRTOS/Source/tasks.o
                0x000000000800927c                vTaskPlaceOnEventList
 .text.vTaskPlaceOnEventListRestricted
                0x00000000080092c4       0x58 ./Middlewares/Third_Party/FreeRTOS/Source/tasks.o
                0x00000000080092c4                vTaskPlaceOnEventListRestricted
 .text.xTaskRemoveFromEventList
                0x000000000800931c       0xc8 ./Middlewares/Third_Party/FreeRTOS/Source/tasks.o
                0x000000000800931c                xTaskRemoveFromEventList
 .text.vTaskInternalSetTimeOutState
                0x00000000080093e4       0x2c ./Middlewares/Third_Party/FreeRTOS/Source/tasks.o
                0x00000000080093e4                vTaskInternalSetTimeOutState
 .text.xTaskCheckForTimeOut
                0x0000000008009410       0xc4 ./Middlewares/Third_Party/FreeRTOS/Source/tasks.o
                0x0000000008009410                xTaskCheckForTimeOut
 .text.vTaskMissedYield
                0x00000000080094d4       0x18 ./Middlewares/Third_Party/FreeRTOS/Source/tasks.o
                0x00000000080094d4                vTaskMissedYield
 .text.prvIdleTask
                0x00000000080094ec       0x30 ./Middlewares/Third_Party/FreeRTOS/Source/tasks.o
 .text.prvInitialiseTaskLists
                0x000000000800951c       0x80 ./Middlewares/Third_Party/FreeRTOS/Source/tasks.o
 .text.prvCheckTasksWaitingTermination
                0x000000000800959c       0x5c ./Middlewares/Third_Party/FreeRTOS/Source/tasks.o
 .text.prvDeleteTCB
                0x00000000080095f8       0x68 ./Middlewares/Third_Party/FreeRTOS/Source/tasks.o
 .text.prvResetNextTaskUnblockTime
                0x0000000008009660       0x40 ./Middlewares/Third_Party/FreeRTOS/Source/tasks.o
 .text.xTaskGetSchedulerState
                0x00000000080096a0       0x3c ./Middlewares/Third_Party/FreeRTOS/Source/tasks.o
                0x00000000080096a0                xTaskGetSchedulerState
 .text.xTaskPriorityDisinherit
                0x00000000080096dc       0xdc ./Middlewares/Third_Party/FreeRTOS/Source/tasks.o
                0x00000000080096dc                xTaskPriorityDisinherit
 .text.prvAddCurrentTaskToDelayedList
                0x00000000080097b8       0xa8 ./Middlewares/Third_Party/FreeRTOS/Source/tasks.o
 .text.xTimerCreateTimerTask
                0x0000000008009860       0x90 ./Middlewares/Third_Party/FreeRTOS/Source/timers.o
                0x0000000008009860                xTimerCreateTimerTask
 .text.xTimerGenericCommand
                0x00000000080098f0       0x9c ./Middlewares/Third_Party/FreeRTOS/Source/timers.o
                0x00000000080098f0                xTimerGenericCommand
 .text.prvProcessExpiredTimer
                0x000000000800998c       0x98 ./Middlewares/Third_Party/FreeRTOS/Source/timers.o
 .text.prvTimerTask
                0x0000000008009a24       0x24 ./Middlewares/Third_Party/FreeRTOS/Source/timers.o
 .text.prvProcessTimerOrBlockTask
                0x0000000008009a48       0x9c ./Middlewares/Third_Party/FreeRTOS/Source/timers.o
 .text.prvGetNextExpireTime
                0x0000000008009ae4       0x48 ./Middlewares/Third_Party/FreeRTOS/Source/timers.o
 .text.prvSampleTimeNow
                0x0000000008009b2c       0x40 ./Middlewares/Third_Party/FreeRTOS/Source/timers.o
 .text.prvInsertTimerInActiveList
                0x0000000008009b6c       0x84 ./Middlewares/Third_Party/FreeRTOS/Source/timers.o
 .text.prvProcessReceivedCommands
                0x0000000008009bf0      0x1c4 ./Middlewares/Third_Party/FreeRTOS/Source/timers.o
 .text.prvSwitchTimerLists
                0x0000000008009db4       0xc8 ./Middlewares/Third_Party/FreeRTOS/Source/timers.o
 .text.prvCheckForValidListAndQueue
                0x0000000008009e7c       0x80 ./Middlewares/Third_Party/FreeRTOS/Source/timers.o
 .text.pxPortInitialiseStack
                0x0000000008009efc       0x68 ./Middlewares/Third_Party/FreeRTOS/Source/portable/GCC/ARM_CM4F/port.o
                0x0000000008009efc                pxPortInitialiseStack
 .text.prvTaskExitError
                0x0000000008009f64       0x58 ./Middlewares/Third_Party/FreeRTOS/Source/portable/GCC/ARM_CM4F/port.o
 *fill*         0x0000000008009fbc        0x4 
 .text.SVC_Handler
                0x0000000008009fc0       0x28 ./Middlewares/Third_Party/FreeRTOS/Source/portable/GCC/ARM_CM4F/port.o
                0x0000000008009fc0                SVC_Handler
 .text.prvPortStartFirstTask
                0x0000000008009fe8       0x28 ./Middlewares/Third_Party/FreeRTOS/Source/portable/GCC/ARM_CM4F/port.o
 .text.xPortStartScheduler
                0x000000000800a010      0x144 ./Middlewares/Third_Party/FreeRTOS/Source/portable/GCC/ARM_CM4F/port.o
                0x000000000800a010                xPortStartScheduler
 .text.vPortEnterCritical
                0x000000000800a154       0x60 ./Middlewares/Third_Party/FreeRTOS/Source/portable/GCC/ARM_CM4F/port.o
                0x000000000800a154                vPortEnterCritical
 .text.vPortExitCritical
                0x000000000800a1b4       0x54 ./Middlewares/Third_Party/FreeRTOS/Source/portable/GCC/ARM_CM4F/port.o
                0x000000000800a1b4                vPortExitCritical
 *fill*         0x000000000800a208        0x8 
 .text.PendSV_Handler
                0x000000000800a210       0x68 ./Middlewares/Third_Party/FreeRTOS/Source/portable/GCC/ARM_CM4F/port.o
                0x000000000800a210                PendSV_Handler
 .text.xPortSysTickHandler
                0x000000000800a278       0x44 ./Middlewares/Third_Party/FreeRTOS/Source/portable/GCC/ARM_CM4F/port.o
                0x000000000800a278                xPortSysTickHandler
 .text.vPortSetupTimerInterrupt
                0x000000000800a2bc       0x48 ./Middlewares/Third_Party/FreeRTOS/Source/portable/GCC/ARM_CM4F/port.o
                0x000000000800a2bc                vPortSetupTimerInterrupt
 .text.vPortEnableVFP
                0x000000000800a304       0x14 ./Middlewares/Third_Party/FreeRTOS/Source/portable/GCC/ARM_CM4F/port.o
 .text.vPortValidateInterruptPriority
                0x000000000800a318       0x80 ./Middlewares/Third_Party/FreeRTOS/Source/portable/GCC/ARM_CM4F/port.o
                0x000000000800a318                vPortValidateInterruptPriority
 .text.pvPortMalloc
                0x000000000800a398      0x198 ./Middlewares/Third_Party/FreeRTOS/Source/portable/MemMang/heap_4.o
                0x000000000800a398                pvPortMalloc
 .text.vPortFree
                0x000000000800a530       0xc4 ./Middlewares/Third_Party/FreeRTOS/Source/portable/MemMang/heap_4.o
                0x000000000800a530                vPortFree
 .text.prvHeapInit
                0x000000000800a5f4       0xc4 ./Middlewares/Third_Party/FreeRTOS/Source/portable/MemMang/heap_4.o
 .text.prvInsertBlockIntoFreeList
                0x000000000800a6b8       0xb4 ./Middlewares/Third_Party/FreeRTOS/Source/portable/MemMang/heap_4.o
 .text.sprintf  0x000000000800a76c       0x40 C:/ST/STM32CubeIDE_1.14.1/STM32CubeIDE/plugins/com.st.stm32cube.ide.mcu.externaltools.gnu-tools-for-stm32.11.3.rel1.win32_1.1.100.202309141235/tools/bin/../lib/gcc/arm-none-eabi/11.3.1/../../../../arm-none-eabi/lib/thumb/v7e-m+fp/hard\libc_nano.a(libc_a-sprintf.o)
                0x000000000800a76c                siprintf
                0x000000000800a76c                sprintf
 .text.memset   0x000000000800a7ac       0x10 C:/ST/STM32CubeIDE_1.14.1/STM32CubeIDE/plugins/com.st.stm32cube.ide.mcu.externaltools.gnu-tools-for-stm32.11.3.rel1.win32_1.1.100.202309141235/tools/bin/../lib/gcc/arm-none-eabi/11.3.1/../../../../arm-none-eabi/lib/thumb/v7e-m+fp/hard\libc_nano.a(libc_a-memset.o)
                0x000000000800a7ac                memset
 .text._reclaim_reent
                0x000000000800a7bc       0xac C:/ST/STM32CubeIDE_1.14.1/STM32CubeIDE/plugins/com.st.stm32cube.ide.mcu.externaltools.gnu-tools-for-stm32.11.3.rel1.win32_1.1.100.202309141235/tools/bin/../lib/gcc/arm-none-eabi/11.3.1/../../../../arm-none-eabi/lib/thumb/v7e-m+fp/hard\libc_nano.a(libc_a-reent.o)
                0x000000000800a7bc                _reclaim_reent
 .text.__errno  0x000000000800a868        0xc C:/ST/STM32CubeIDE_1.14.1/STM32CubeIDE/plugins/com.st.stm32cube.ide.mcu.externaltools.gnu-tools-for-stm32.11.3.rel1.win32_1.1.100.202309141235/tools/bin/../lib/gcc/arm-none-eabi/11.3.1/../../../../arm-none-eabi/lib/thumb/v7e-m+fp/hard\libc_nano.a(libc_a-errno.o)
                0x000000000800a868                __errno
 .text.__libc_init_array
                0x000000000800a874       0x48 C:/ST/STM32CubeIDE_1.14.1/STM32CubeIDE/plugins/com.st.stm32cube.ide.mcu.externaltools.gnu-tools-for-stm32.11.3.rel1.win32_1.1.100.202309141235/tools/bin/../lib/gcc/arm-none-eabi/11.3.1/../../../../arm-none-eabi/lib/thumb/v7e-m+fp/hard\libc_nano.a(libc_a-init.o)
                0x000000000800a874                __libc_init_array
 .text.__retarget_lock_acquire_recursive
                0x000000000800a8bc        0x2 C:/ST/STM32CubeIDE_1.14.1/STM32CubeIDE/plugins/com.st.stm32cube.ide.mcu.externaltools.gnu-tools-for-stm32.11.3.rel1.win32_1.1.100.202309141235/tools/bin/../lib/gcc/arm-none-eabi/11.3.1/../../../../arm-none-eabi/lib/thumb/v7e-m+fp/hard\libc_nano.a(libc_a-lock.o)
                0x000000000800a8bc                __retarget_lock_acquire_recursive
 .text.__retarget_lock_release_recursive
                0x000000000800a8be        0x2 C:/ST/STM32CubeIDE_1.14.1/STM32CubeIDE/plugins/com.st.stm32cube.ide.mcu.externaltools.gnu-tools-for-stm32.11.3.rel1.win32_1.1.100.202309141235/tools/bin/../lib/gcc/arm-none-eabi/11.3.1/../../../../arm-none-eabi/lib/thumb/v7e-m+fp/hard\libc_nano.a(libc_a-lock.o)
                0x000000000800a8be                __retarget_lock_release_recursive
 .text.memcpy   0x000000000800a8c0       0x1c C:/ST/STM32CubeIDE_1.14.1/STM32CubeIDE/plugins/com.st.stm32cube.ide.mcu.externaltools.gnu-tools-for-stm32.11.3.rel1.win32_1.1.100.202309141235/tools/bin/../lib/gcc/arm-none-eabi/11.3.1/../../../../arm-none-eabi/lib/thumb/v7e-m+fp/hard\libc_nano.a(libc_a-memcpy-stub.o)
                0x000000000800a8c0                memcpy
 .text._free_r  0x000000000800a8dc       0x98 C:/ST/STM32CubeIDE_1.14.1/STM32CubeIDE/plugins/com.st.stm32cube.ide.mcu.externaltools.gnu-tools-for-stm32.11.3.rel1.win32_1.1.100.202309141235/tools/bin/../lib/gcc/arm-none-eabi/11.3.1/../../../../arm-none-eabi/lib/thumb/v7e-m+fp/hard\libc_nano.a(libc_a-freer.o)
                0x000000000800a8dc                _free_r
 .text.sbrk_aligned
                0x000000000800a974       0x40 C:/ST/STM32CubeIDE_1.14.1/STM32CubeIDE/plugins/com.st.stm32cube.ide.mcu.externaltools.gnu-tools-for-stm32.11.3.rel1.win32_1.1.100.202309141235/tools/bin/../lib/gcc/arm-none-eabi/11.3.1/../../../../arm-none-eabi/lib/thumb/v7e-m+fp/hard\libc_nano.a(libc_a-mallocr.o)
 .text._malloc_r
                0x000000000800a9b4      0x100 C:/ST/STM32CubeIDE_1.14.1/STM32CubeIDE/plugins/com.st.stm32cube.ide.mcu.externaltools.gnu-tools-for-stm32.11.3.rel1.win32_1.1.100.202309141235/tools/bin/../lib/gcc/arm-none-eabi/11.3.1/../../../../arm-none-eabi/lib/thumb/v7e-m+fp/hard\libc_nano.a(libc_a-mallocr.o)
                0x000000000800a9b4                _malloc_r
 .text.__malloc_lock
                0x000000000800aab4        0xc C:/ST/STM32CubeIDE_1.14.1/STM32CubeIDE/plugins/com.st.stm32cube.ide.mcu.externaltools.gnu-tools-for-stm32.11.3.rel1.win32_1.1.100.202309141235/tools/bin/../lib/gcc/arm-none-eabi/11.3.1/../../../../arm-none-eabi/lib/thumb/v7e-m+fp/hard\libc_nano.a(libc_a-mlock.o)
                0x000000000800aab4                __malloc_lock
 .text.__malloc_unlock
                0x000000000800aac0        0xc C:/ST/STM32CubeIDE_1.14.1/STM32CubeIDE/plugins/com.st.stm32cube.ide.mcu.externaltools.gnu-tools-for-stm32.11.3.rel1.win32_1.1.100.202309141235/tools/bin/../lib/gcc/arm-none-eabi/11.3.1/../../../../arm-none-eabi/lib/thumb/v7e-m+fp/hard\libc_nano.a(libc_a-mlock.o)
                0x000000000800aac0                __malloc_unlock
 .text.__ssputs_r
                0x000000000800aacc       0xb4 C:/ST/STM32CubeIDE_1.14.1/STM32CubeIDE/plugins/com.st.stm32cube.ide.mcu.externaltools.gnu-tools-for-stm32.11.3.rel1.win32_1.1.100.202309141235/tools/bin/../lib/gcc/arm-none-eabi/11.3.1/../../../../arm-none-eabi/lib/thumb/v7e-m+fp/hard\libc_nano.a(libc_a-nano-svfprintf.o)
                0x000000000800aacc                __ssputs_r
 .text._svfprintf_r
                0x000000000800ab80      0x1fc C:/ST/STM32CubeIDE_1.14.1/STM32CubeIDE/plugins/com.st.stm32cube.ide.mcu.externaltools.gnu-tools-for-stm32.11.3.rel1.win32_1.1.100.202309141235/tools/bin/../lib/gcc/arm-none-eabi/11.3.1/../../../../arm-none-eabi/lib/thumb/v7e-m+fp/hard\libc_nano.a(libc_a-nano-svfprintf.o)
                0x000000000800ab80                _svfiprintf_r
                0x000000000800ab80                _svfprintf_r
 .text._printf_common
                0x000000000800ad7c       0xda C:/ST/STM32CubeIDE_1.14.1/STM32CubeIDE/plugins/com.st.stm32cube.ide.mcu.externaltools.gnu-tools-for-stm32.11.3.rel1.win32_1.1.100.202309141235/tools/bin/../lib/gcc/arm-none-eabi/11.3.1/../../../../arm-none-eabi/lib/thumb/v7e-m+fp/hard\libc_nano.a(libc_a-nano-vfprintf_i.o)
                0x000000000800ad7c                _printf_common
 *fill*         0x000000000800ae56        0x2 
 .text._printf_i
                0x000000000800ae58      0x244 C:/ST/STM32CubeIDE_1.14.1/STM32CubeIDE/plugins/com.st.stm32cube.ide.mcu.externaltools.gnu-tools-for-stm32.11.3.rel1.win32_1.1.100.202309141235/tools/bin/../lib/gcc/arm-none-eabi/11.3.1/../../../../arm-none-eabi/lib/thumb/v7e-m+fp/hard\libc_nano.a(libc_a-nano-vfprintf_i.o)
                0x000000000800ae58                _printf_i
 .text.memmove  0x000000000800b09c       0x34 C:/ST/STM32CubeIDE_1.14.1/STM32CubeIDE/plugins/com.st.stm32cube.ide.mcu.externaltools.gnu-tools-for-stm32.11.3.rel1.win32_1.1.100.202309141235/tools/bin/../lib/gcc/arm-none-eabi/11.3.1/../../../../arm-none-eabi/lib/thumb/v7e-m+fp/hard\libc_nano.a(libc_a-memmove.o)
                0x000000000800b09c                memmove
 .text._sbrk_r  0x000000000800b0d0       0x20 C:/ST/STM32CubeIDE_1.14.1/STM32CubeIDE/plugins/com.st.stm32cube.ide.mcu.externaltools.gnu-tools-for-stm32.11.3.rel1.win32_1.1.100.202309141235/tools/bin/../lib/gcc/arm-none-eabi/11.3.1/../../../../arm-none-eabi/lib/thumb/v7e-m+fp/hard\libc_nano.a(libc_a-sbrkr.o)
                0x000000000800b0d0                _sbrk_r
 .text._realloc_r
                0x000000000800b0f0       0x5e C:/ST/STM32CubeIDE_1.14.1/STM32CubeIDE/plugins/com.st.stm32cube.ide.mcu.externaltools.gnu-tools-for-stm32.11.3.rel1.win32_1.1.100.202309141235/tools/bin/../lib/gcc/arm-none-eabi/11.3.1/../../../../arm-none-eabi/lib/thumb/v7e-m+fp/hard\libc_nano.a(libc_a-reallocr.o)
                0x000000000800b0f0                _realloc_r
 .text._malloc_usable_size_r
                0x000000000800b14e       0x10 C:/ST/STM32CubeIDE_1.14.1/STM32CubeIDE/plugins/com.st.stm32cube.ide.mcu.externaltools.gnu-tools-for-stm32.11.3.rel1.win32_1.1.100.202309141235/tools/bin/../lib/gcc/arm-none-eabi/11.3.1/../../../../arm-none-eabi/lib/thumb/v7e-m+fp/hard\libc_nano.a(libc_a-msizer.o)
                0x000000000800b14e                _malloc_usable_size_r
 *(.glue_7)
 .glue_7        0x000000000800b15e        0x0 linker stubs
 *(.glue_7t)
 .glue_7t       0x000000000800b15e        0x0 linker stubs
 *(.eh_frame)
 *fill*         0x000000000800b15e        0x2 
 .eh_frame      0x000000000800b160        0x0 C:/ST/STM32CubeIDE_1.14.1/STM32CubeIDE/plugins/com.st.stm32cube.ide.mcu.externaltools.gnu-tools-for-stm32.11.3.rel1.win32_1.1.100.202309141235/tools/bin/../lib/gcc/arm-none-eabi/11.3.1/thumb/v7e-m+fp/hard/crtbegin.o
 *(.init)
 .init          0x000000000800b160        0x4 C:/ST/STM32CubeIDE_1.14.1/STM32CubeIDE/plugins/com.st.stm32cube.ide.mcu.externaltools.gnu-tools-for-stm32.11.3.rel1.win32_1.1.100.202309141235/tools/bin/../lib/gcc/arm-none-eabi/11.3.1/thumb/v7e-m+fp/hard/crti.o
                0x000000000800b160                _init
 .init          0x000000000800b164        0x8 C:/ST/STM32CubeIDE_1.14.1/STM32CubeIDE/plugins/com.st.stm32cube.ide.mcu.externaltools.gnu-tools-for-stm32.11.3.rel1.win32_1.1.100.202309141235/tools/bin/../lib/gcc/arm-none-eabi/11.3.1/thumb/v7e-m+fp/hard/crtn.o
 *(.fini)
 .fini          0x000000000800b16c        0x4 C:/ST/STM32CubeIDE_1.14.1/STM32CubeIDE/plugins/com.st.stm32cube.ide.mcu.externaltools.gnu-tools-for-stm32.11.3.rel1.win32_1.1.100.202309141235/tools/bin/../lib/gcc/arm-none-eabi/11.3.1/thumb/v7e-m+fp/hard/crti.o
                0x000000000800b16c                _fini
 .fini          0x000000000800b170        0x8 C:/ST/STM32CubeIDE_1.14.1/STM32CubeIDE/plugins/com.st.stm32cube.ide.mcu.externaltools.gnu-tools-for-stm32.11.3.rel1.win32_1.1.100.202309141235/tools/bin/../lib/gcc/arm-none-eabi/11.3.1/thumb/v7e-m+fp/hard/crtn.o
                0x000000000800b178                . = ALIGN (0x4)
                0x000000000800b178                _etext = .

.vfp11_veneer   0x000000000800b178        0x0
 .vfp11_veneer  0x000000000800b178        0x0 linker stubs

.v4_bx          0x000000000800b178        0x0
 .v4_bx         0x000000000800b178        0x0 linker stubs

.iplt           0x000000000800b178        0x0
 .iplt          0x000000000800b178        0x0 C:/ST/STM32CubeIDE_1.14.1/STM32CubeIDE/plugins/com.st.stm32cube.ide.mcu.externaltools.gnu-tools-for-stm32.11.3.rel1.win32_1.1.100.202309141235/tools/bin/../lib/gcc/arm-none-eabi/11.3.1/thumb/v7e-m+fp/hard/crtbegin.o

.rodata         0x000000000800b178      0xc88
                0x000000000800b178                . = ALIGN (0x4)
 *(.rodata)
 .rodata        0x000000000800b178       0xa0 ./Core/Src/main.o
 .rodata        0x000000000800b218        0x5 ./Middlewares/Third_Party/FreeRTOS/Source/tasks.o
 *fill*         0x000000000800b21d        0x3 
 .rodata        0x000000000800b220        0xd ./Middlewares/Third_Party/FreeRTOS/Source/timers.o
 *(.rodata*)
 *fill*         0x000000000800b22d        0x3 
 .rodata.defaultTask_attributes
                0x000000000800b230       0x24 ./Core/Src/main.o
                0x000000000800b230                defaultTask_attributes
 .rodata.motorTask_attributes
                0x000000000800b254       0x24 ./Core/Src/main.o
                0x000000000800b254                motorTask_attributes
 .rodata.OLEDTask_attributes
                0x000000000800b278       0x24 ./Core/Src/main.o
                0x000000000800b278                OLEDTask_attributes
 .rodata.gyroTask_attributes
                0x000000000800b29c       0x24 ./Core/Src/main.o
                0x000000000800b29c                gyroTask_attributes
 .rodata.ultrasonicTask_attributes
                0x000000000800b2c0       0x24 ./Core/Src/main.o
                0x000000000800b2c0                ultrasonicTask_attributes
 .rodata.communicateTask_attributes
                0x000000000800b2e4       0x24 ./Core/Src/main.o
                0x000000000800b2e4                communicateTask_attributes
 .rodata.encoderRTask_attributes
                0x000000000800b308       0x24 ./Core/Src/main.o
                0x000000000800b308                encoderRTask_attributes
 .rodata.encoderLTask_attributes
                0x000000000800b32c       0x24 ./Core/Src/main.o
                0x000000000800b32c                encoderLTask_attributes
 .rodata.AHBPrescTable
                0x000000000800b350       0x10 ./Core/Src/system_stm32f4xx.o
                0x000000000800b350                AHBPrescTable
 .rodata.APBPrescTable
                0x000000000800b360        0x8 ./Core/Src/system_stm32f4xx.o
                0x000000000800b360                APBPrescTable
 .rodata.oled_asc2_1206
                0x000000000800b368      0x474 ./Drivers/PeripheralDriver/Src/oled.o
                0x000000000800b368                oled_asc2_1206
 .rodata.oled_asc2_1608
                0x000000000800b7dc      0x5f0 ./Drivers/PeripheralDriver/Src/oled.o
                0x000000000800b7dc                oled_asc2_1608
 .rodata._svfprintf_r.str1.1
                0x000000000800bdcc       0x11 C:/ST/STM32CubeIDE_1.14.1/STM32CubeIDE/plugins/com.st.stm32cube.ide.mcu.externaltools.gnu-tools-for-stm32.11.3.rel1.win32_1.1.100.202309141235/tools/bin/../lib/gcc/arm-none-eabi/11.3.1/../../../../arm-none-eabi/lib/thumb/v7e-m+fp/hard\libc_nano.a(libc_a-nano-svfprintf.o)
 .rodata._printf_i.str1.1
                0x000000000800bddd       0x22 C:/ST/STM32CubeIDE_1.14.1/STM32CubeIDE/plugins/com.st.stm32cube.ide.mcu.externaltools.gnu-tools-for-stm32.11.3.rel1.win32_1.1.100.202309141235/tools/bin/../lib/gcc/arm-none-eabi/11.3.1/../../../../arm-none-eabi/lib/thumb/v7e-m+fp/hard\libc_nano.a(libc_a-nano-vfprintf_i.o)
                0x000000000800be00                . = ALIGN (0x4)
 *fill*         0x000000000800bdff        0x1 

.ARM.extab      0x000000000800be00        0x0
                0x000000000800be00                . = ALIGN (0x4)
 *(.ARM.extab* .gnu.linkonce.armextab.*)
                0x000000000800be00                . = ALIGN (0x4)

.ARM            0x000000000800be00        0x8
                0x000000000800be00                . = ALIGN (0x4)
                0x000000000800be00                __exidx_start = .
 *(.ARM.exidx*)
 .ARM.exidx     0x000000000800be00        0x8 C:/ST/STM32CubeIDE_1.14.1/STM32CubeIDE/plugins/com.st.stm32cube.ide.mcu.externaltools.gnu-tools-for-stm32.11.3.rel1.win32_1.1.100.202309141235/tools/bin/../lib/gcc/arm-none-eabi/11.3.1/thumb/v7e-m+fp/hard\libgcc.a(_udivmoddi4.o)
                0x000000000800be08                __exidx_end = .
                0x000000000800be08                . = ALIGN (0x4)

.rel.dyn        0x000000000800be08        0x0
 .rel.iplt      0x000000000800be08        0x0 C:/ST/STM32CubeIDE_1.14.1/STM32CubeIDE/plugins/com.st.stm32cube.ide.mcu.externaltools.gnu-tools-for-stm32.11.3.rel1.win32_1.1.100.202309141235/tools/bin/../lib/gcc/arm-none-eabi/11.3.1/thumb/v7e-m+fp/hard/crtbegin.o

.preinit_array  0x000000000800be08        0x0
                0x000000000800be08                . = ALIGN (0x4)
                0x000000000800be08                PROVIDE (__preinit_array_start = .)
 *(.preinit_array*)
                0x000000000800be08                PROVIDE (__preinit_array_end = .)
                0x000000000800be08                . = ALIGN (0x4)

.init_array     0x000000000800be08        0x4
                0x000000000800be08                . = ALIGN (0x4)
                0x000000000800be08                PROVIDE (__init_array_start = .)
 *(SORT_BY_NAME(.init_array.*))
 *(.init_array*)
 .init_array    0x000000000800be08        0x4 C:/ST/STM32CubeIDE_1.14.1/STM32CubeIDE/plugins/com.st.stm32cube.ide.mcu.externaltools.gnu-tools-for-stm32.11.3.rel1.win32_1.1.100.202309141235/tools/bin/../lib/gcc/arm-none-eabi/11.3.1/thumb/v7e-m+fp/hard/crtbegin.o
                0x000000000800be0c                PROVIDE (__init_array_end = .)
                0x000000000800be0c                . = ALIGN (0x4)

.fini_array     0x000000000800be0c        0x4
                0x000000000800be0c                . = ALIGN (0x4)
                [!provide]                        PROVIDE (__fini_array_start = .)
 *(SORT_BY_NAME(.fini_array.*))
 *(.fini_array*)
 .fini_array    0x000000000800be0c        0x4 C:/ST/STM32CubeIDE_1.14.1/STM32CubeIDE/plugins/com.st.stm32cube.ide.mcu.externaltools.gnu-tools-for-stm32.11.3.rel1.win32_1.1.100.202309141235/tools/bin/../lib/gcc/arm-none-eabi/11.3.1/thumb/v7e-m+fp/hard/crtbegin.o
                [!provide]                        PROVIDE (__fini_array_end = .)
                0x000000000800be10                . = ALIGN (0x4)
                0x000000000800be10                _sidata = LOADADDR (.data)

.data           0x0000000020000000       0x64 load address 0x000000000800be10
                0x0000000020000000                . = ALIGN (0x4)
                0x0000000020000000                _sdata = .
 *(.data)
 *(.data*)
 .data.pwmVal_servo
                0x0000000020000000        0x2 ./Core/Src/main.o
                0x0000000020000000                pwmVal_servo
 .data.ICMAddress
                0x0000000020000002        0x1 ./Core/Src/main.o
                0x0000000020000002                ICMAddress
 *fill*         0x0000000020000003        0x1 
 .data.SystemCoreClock
                0x0000000020000004        0x4 ./Core/Src/system_stm32f4xx.o
                0x0000000020000004                SystemCoreClock
 .data.uwTickPrio
                0x0000000020000008        0x4 ./Drivers/STM32F4xx_HAL_Driver/Src/stm32f4xx_hal.o
                0x0000000020000008                uwTickPrio
 .data.uwTickFreq
                0x000000002000000c        0x1 ./Drivers/STM32F4xx_HAL_Driver/Src/stm32f4xx_hal.o
                0x000000002000000c                uwTickFreq
 *fill*         0x000000002000000d        0x3 
 .data.uxCriticalNesting
                0x0000000020000010        0x4 ./Middlewares/Third_Party/FreeRTOS/Source/portable/GCC/ARM_CM4F/port.o
 .data._impure_data
                0x0000000020000014       0x4c C:/ST/STM32CubeIDE_1.14.1/STM32CubeIDE/plugins/com.st.stm32cube.ide.mcu.externaltools.gnu-tools-for-stm32.11.3.rel1.win32_1.1.100.202309141235/tools/bin/../lib/gcc/arm-none-eabi/11.3.1/../../../../arm-none-eabi/lib/thumb/v7e-m+fp/hard\libc_nano.a(libc_a-impure.o)
                0x0000000020000014                _impure_data
 .data._impure_ptr
                0x0000000020000060        0x4 C:/ST/STM32CubeIDE_1.14.1/STM32CubeIDE/plugins/com.st.stm32cube.ide.mcu.externaltools.gnu-tools-for-stm32.11.3.rel1.win32_1.1.100.202309141235/tools/bin/../lib/gcc/arm-none-eabi/11.3.1/../../../../arm-none-eabi/lib/thumb/v7e-m+fp/hard\libc_nano.a(libc_a-impure.o)
                0x0000000020000060                _impure_ptr
 *(.RamFunc)
 *(.RamFunc*)
                0x0000000020000064                . = ALIGN (0x4)
                0x0000000020000064                _edata = .
                0x000000000800be74                _siccmram = LOADADDR (.ccmram)

.igot.plt       0x0000000020000064        0x0 load address 0x000000000800be74
 .igot.plt      0x0000000020000064        0x0 C:/ST/STM32CubeIDE_1.14.1/STM32CubeIDE/plugins/com.st.stm32cube.ide.mcu.externaltools.gnu-tools-for-stm32.11.3.rel1.win32_1.1.100.202309141235/tools/bin/../lib/gcc/arm-none-eabi/11.3.1/thumb/v7e-m+fp/hard/crtbegin.o

.ccmram         0x0000000010000000        0x0 load address 0x000000000800be74
                0x0000000010000000                . = ALIGN (0x4)
                0x0000000010000000                _sccmram = .
 *(.ccmram)
 *(.ccmram*)
                0x0000000010000000                . = ALIGN (0x4)
                0x0000000010000000                _eccmram = .
                0x0000000010000000                . = ALIGN (0x4)

.bss            0x0000000020000068     0x51d4
                0x0000000020000068                _sbss = .
                0x0000000020000068                __bss_start__ = _sbss
 *(.bss)
 .bss           0x0000000020000068       0x1c C:/ST/STM32CubeIDE_1.14.1/STM32CubeIDE/plugins/com.st.stm32cube.ide.mcu.externaltools.gnu-tools-for-stm32.11.3.rel1.win32_1.1.100.202309141235/tools/bin/../lib/gcc/arm-none-eabi/11.3.1/thumb/v7e-m+fp/hard/crtbegin.o
 *(.bss*)
 .bss.hi2c1     0x0000000020000084       0x54 ./Core/Src/main.o
                0x0000000020000084                hi2c1
 .bss.htim1     0x00000000200000d8       0x48 ./Core/Src/main.o
                0x00000000200000d8                htim1
 .bss.htim2     0x0000000020000120       0x48 ./Core/Src/main.o
                0x0000000020000120                htim2
 .bss.htim3     0x0000000020000168       0x48 ./Core/Src/main.o
                0x0000000020000168                htim3
 .bss.htim4     0x00000000200001b0       0x48 ./Core/Src/main.o
                0x00000000200001b0                htim4
 .bss.htim8     0x00000000200001f8       0x48 ./Core/Src/main.o
                0x00000000200001f8                htim8
 .bss.huart3    0x0000000020000240       0x44 ./Core/Src/main.o
                0x0000000020000240                huart3
 .bss.defaultTaskHandle
                0x0000000020000284        0x4 ./Core/Src/main.o
                0x0000000020000284                defaultTaskHandle
 .bss.motorTaskHandle
                0x0000000020000288        0x4 ./Core/Src/main.o
                0x0000000020000288                motorTaskHandle
 .bss.OLEDTaskHandle
                0x000000002000028c        0x4 ./Core/Src/main.o
                0x000000002000028c                OLEDTaskHandle
 .bss.gyroTaskHandle
                0x0000000020000290        0x4 ./Core/Src/main.o
                0x0000000020000290                gyroTaskHandle
 .bss.ultrasonicTaskHandle
                0x0000000020000294        0x4 ./Core/Src/main.o
                0x0000000020000294                ultrasonicTaskHandle
 .bss.communicateTaskHandle
                0x0000000020000298        0x4 ./Core/Src/main.o
                0x0000000020000298                communicateTaskHandle
 .bss.encoderRTaskHandle
                0x000000002000029c        0x4 ./Core/Src/main.o
                0x000000002000029c                encoderRTaskHandle
 .bss.encoderLTaskHandle
                0x00000000200002a0        0x4 ./Core/Src/main.o
                0x00000000200002a0                encoderLTaskHandle
 .bss.aRxBuffer
                0x00000000200002a4        0x5 ./Core/Src/main.o
                0x00000000200002a4                aRxBuffer
 *fill*         0x00000000200002a9        0x3 
 .bss.flagDone  0x00000000200002ac        0x4 ./Core/Src/main.o
                0x00000000200002ac                flagDone
 .bss.magnitude
                0x00000000200002b0        0x4 ./Core/Src/main.o
                0x00000000200002b0                magnitude
 .bss.pwmVal_R  0x00000000200002b4        0x2 ./Core/Src/main.o
                0x00000000200002b4                pwmVal_R
 .bss.pwmVal_L  0x00000000200002b6        0x2 ./Core/Src/main.o
                0x00000000200002b6                pwmVal_L
 .bss.times_acceptable
                0x00000000200002b8        0x4 ./Core/Src/main.o
                0x00000000200002b8                times_acceptable
 .bss.e_brake   0x00000000200002bc        0x4 ./Core/Src/main.o
                0x00000000200002bc                e_brake
 .bss.rightEncoderVal
                0x00000000200002c0        0x4 ./Core/Src/main.o
                0x00000000200002c0                rightEncoderVal
 .bss.leftEncoderVal
                0x00000000200002c4        0x4 ./Core/Src/main.o
                0x00000000200002c4                leftEncoderVal
 .bss.rightTarget
                0x00000000200002c8        0x4 ./Core/Src/main.o
                0x00000000200002c8                rightTarget
 .bss.leftTarget
                0x00000000200002cc        0x4 ./Core/Src/main.o
                0x00000000200002cc                leftTarget
 .bss.target_angle
                0x00000000200002d0        0x8 ./Core/Src/main.o
                0x00000000200002d0                target_angle
 .bss.total_angle
                0x00000000200002d8        0x8 ./Core/Src/main.o
                0x00000000200002d8                total_angle
 .bss.gyroBuffer
                0x00000000200002e0       0x14 ./Core/Src/main.o
                0x00000000200002e0                gyroBuffer
 .bss.Is_First_Captured
                0x00000000200002f4        0x4 ./Core/Src/main.o
                0x00000000200002f4                Is_First_Captured
 .bss.IC_Val1   0x00000000200002f8        0x4 ./Core/Src/main.o
                0x00000000200002f8                IC_Val1
 .bss.IC_Val2   0x00000000200002fc        0x4 ./Core/Src/main.o
                0x00000000200002fc                IC_Val2
 .bss.Difference
                0x0000000020000300        0x2 ./Core/Src/main.o
                0x0000000020000300                Difference
 .bss.uDistance
                0x0000000020000302        0x2 ./Core/Src/main.o
                0x0000000020000302                uDistance
 .bss.__sbrk_heap_end
                0x0000000020000304        0x4 ./Core/Src/sysmem.o
 .bss.OLED_GRAM
                0x0000000020000308      0x400 ./Drivers/PeripheralDriver/Src/oled.o
                0x0000000020000308                OLED_GRAM
 .bss.uwTick    0x0000000020000708        0x4 ./Drivers/STM32F4xx_HAL_Driver/Src/stm32f4xx_hal.o
                0x0000000020000708                uwTick
 .bss.KernelState
                0x000000002000070c        0x4 ./Middlewares/Third_Party/FreeRTOS/Source/CMSIS_RTOS_V2/cmsis_os2.o
 .bss.Idle_TCB.3
                0x0000000020000710       0xa8 ./Middlewares/Third_Party/FreeRTOS/Source/CMSIS_RTOS_V2/cmsis_os2.o
 .bss.Idle_Stack.2
                0x00000000200007b8      0x200 ./Middlewares/Third_Party/FreeRTOS/Source/CMSIS_RTOS_V2/cmsis_os2.o
 .bss.Timer_TCB.1
                0x00000000200009b8       0xa8 ./Middlewares/Third_Party/FreeRTOS/Source/CMSIS_RTOS_V2/cmsis_os2.o
 .bss.Timer_Stack.0
                0x0000000020000a60      0x400 ./Middlewares/Third_Party/FreeRTOS/Source/CMSIS_RTOS_V2/cmsis_os2.o
 .bss.xQueueRegistry
                0x0000000020000e60       0x40 ./Middlewares/Third_Party/FreeRTOS/Source/queue.o
                0x0000000020000e60                xQueueRegistry
 .bss.pxCurrentTCB
                0x0000000020000ea0        0x4 ./Middlewares/Third_Party/FreeRTOS/Source/tasks.o
                0x0000000020000ea0                pxCurrentTCB
 .bss.pxReadyTasksLists
                0x0000000020000ea4      0x460 ./Middlewares/Third_Party/FreeRTOS/Source/tasks.o
 .bss.xDelayedTaskList1
                0x0000000020001304       0x14 ./Middlewares/Third_Party/FreeRTOS/Source/tasks.o
 .bss.xDelayedTaskList2
                0x0000000020001318       0x14 ./Middlewares/Third_Party/FreeRTOS/Source/tasks.o
 .bss.pxDelayedTaskList
                0x000000002000132c        0x4 ./Middlewares/Third_Party/FreeRTOS/Source/tasks.o
 .bss.pxOverflowDelayedTaskList
                0x0000000020001330        0x4 ./Middlewares/Third_Party/FreeRTOS/Source/tasks.o
 .bss.xPendingReadyList
                0x0000000020001334       0x14 ./Middlewares/Third_Party/FreeRTOS/Source/tasks.o
 .bss.xTasksWaitingTermination
                0x0000000020001348       0x14 ./Middlewares/Third_Party/FreeRTOS/Source/tasks.o
 .bss.uxDeletedTasksWaitingCleanUp
                0x000000002000135c        0x4 ./Middlewares/Third_Party/FreeRTOS/Source/tasks.o
 .bss.xSuspendedTaskList
                0x0000000020001360       0x14 ./Middlewares/Third_Party/FreeRTOS/Source/tasks.o
 .bss.uxCurrentNumberOfTasks
                0x0000000020001374        0x4 ./Middlewares/Third_Party/FreeRTOS/Source/tasks.o
 .bss.xTickCount
                0x0000000020001378        0x4 ./Middlewares/Third_Party/FreeRTOS/Source/tasks.o
 .bss.uxTopReadyPriority
                0x000000002000137c        0x4 ./Middlewares/Third_Party/FreeRTOS/Source/tasks.o
 .bss.xSchedulerRunning
                0x0000000020001380        0x4 ./Middlewares/Third_Party/FreeRTOS/Source/tasks.o
 .bss.xPendedTicks
                0x0000000020001384        0x4 ./Middlewares/Third_Party/FreeRTOS/Source/tasks.o
 .bss.xYieldPending
                0x0000000020001388        0x4 ./Middlewares/Third_Party/FreeRTOS/Source/tasks.o
 .bss.xNumOfOverflows
                0x000000002000138c        0x4 ./Middlewares/Third_Party/FreeRTOS/Source/tasks.o
 .bss.uxTaskNumber
                0x0000000020001390        0x4 ./Middlewares/Third_Party/FreeRTOS/Source/tasks.o
 .bss.xNextTaskUnblockTime
                0x0000000020001394        0x4 ./Middlewares/Third_Party/FreeRTOS/Source/tasks.o
 .bss.xIdleTaskHandle
                0x0000000020001398        0x4 ./Middlewares/Third_Party/FreeRTOS/Source/tasks.o
 .bss.uxSchedulerSuspended
                0x000000002000139c        0x4 ./Middlewares/Third_Party/FreeRTOS/Source/tasks.o
 .bss.xActiveTimerList1
                0x00000000200013a0       0x14 ./Middlewares/Third_Party/FreeRTOS/Source/timers.o
 .bss.xActiveTimerList2
                0x00000000200013b4       0x14 ./Middlewares/Third_Party/FreeRTOS/Source/timers.o
 .bss.pxCurrentTimerList
                0x00000000200013c8        0x4 ./Middlewares/Third_Party/FreeRTOS/Source/timers.o
 .bss.pxOverflowTimerList
                0x00000000200013cc        0x4 ./Middlewares/Third_Party/FreeRTOS/Source/timers.o
 .bss.xTimerQueue
                0x00000000200013d0        0x4 ./Middlewares/Third_Party/FreeRTOS/Source/timers.o
 .bss.xTimerTaskHandle
                0x00000000200013d4        0x4 ./Middlewares/Third_Party/FreeRTOS/Source/timers.o
 .bss.xLastTime.2
                0x00000000200013d8        0x4 ./Middlewares/Third_Party/FreeRTOS/Source/timers.o
 .bss.ucStaticTimerQueueStorage.1
                0x00000000200013dc       0xa0 ./Middlewares/Third_Party/FreeRTOS/Source/timers.o
 .bss.xStaticTimerQueue.0
                0x000000002000147c       0x50 ./Middlewares/Third_Party/FreeRTOS/Source/timers.o
 .bss.ucMaxSysCallPriority
                0x00000000200014cc        0x1 ./Middlewares/Third_Party/FreeRTOS/Source/portable/GCC/ARM_CM4F/port.o
 *fill*         0x00000000200014cd        0x3 
 .bss.ulMaxPRIGROUPValue
                0x00000000200014d0        0x4 ./Middlewares/Third_Party/FreeRTOS/Source/portable/GCC/ARM_CM4F/port.o
 .bss.ucHeap    0x00000000200014d4     0x3c00 ./Middlewares/Third_Party/FreeRTOS/Source/portable/MemMang/heap_4.o
 .bss.xStart    0x00000000200050d4        0x8 ./Middlewares/Third_Party/FreeRTOS/Source/portable/MemMang/heap_4.o
 .bss.pxEnd     0x00000000200050dc        0x4 ./Middlewares/Third_Party/FreeRTOS/Source/portable/MemMang/heap_4.o
 .bss.xFreeBytesRemaining
                0x00000000200050e0        0x4 ./Middlewares/Third_Party/FreeRTOS/Source/portable/MemMang/heap_4.o
 .bss.xMinimumEverFreeBytesRemaining
                0x00000000200050e4        0x4 ./Middlewares/Third_Party/FreeRTOS/Source/portable/MemMang/heap_4.o
 .bss.xNumberOfSuccessfulAllocations
                0x00000000200050e8        0x4 ./Middlewares/Third_Party/FreeRTOS/Source/portable/MemMang/heap_4.o
 .bss.xNumberOfSuccessfulFrees
                0x00000000200050ec        0x4 ./Middlewares/Third_Party/FreeRTOS/Source/portable/MemMang/heap_4.o
 .bss.xBlockAllocatedBit
                0x00000000200050f0        0x4 ./Middlewares/Third_Party/FreeRTOS/Source/portable/MemMang/heap_4.o
 .bss.__sf      0x00000000200050f4      0x138 C:/ST/STM32CubeIDE_1.14.1/STM32CubeIDE/plugins/com.st.stm32cube.ide.mcu.externaltools.gnu-tools-for-stm32.11.3.rel1.win32_1.1.100.202309141235/tools/bin/../lib/gcc/arm-none-eabi/11.3.1/../../../../arm-none-eabi/lib/thumb/v7e-m+fp/hard\libc_nano.a(libc_a-findfp.o)
                0x00000000200050f4                __sf
 .bss.errno     0x000000002000522c        0x4 C:/ST/STM32CubeIDE_1.14.1/STM32CubeIDE/plugins/com.st.stm32cube.ide.mcu.externaltools.gnu-tools-for-stm32.11.3.rel1.win32_1.1.100.202309141235/tools/bin/../lib/gcc/arm-none-eabi/11.3.1/../../../../arm-none-eabi/lib/thumb/v7e-m+fp/hard\libc_nano.a(libc_a-reent.o)
                0x000000002000522c                errno
 .bss.__lock___malloc_recursive_mutex
                0x0000000020005230        0x1 C:/ST/STM32CubeIDE_1.14.1/STM32CubeIDE/plugins/com.st.stm32cube.ide.mcu.externaltools.gnu-tools-for-stm32.11.3.rel1.win32_1.1.100.202309141235/tools/bin/../lib/gcc/arm-none-eabi/11.3.1/../../../../arm-none-eabi/lib/thumb/v7e-m+fp/hard\libc_nano.a(libc_a-lock.o)
                0x0000000020005230                __lock___malloc_recursive_mutex
 *fill*         0x0000000020005231        0x3 
 .bss.__malloc_free_list
                0x0000000020005234        0x4 C:/ST/STM32CubeIDE_1.14.1/STM32CubeIDE/plugins/com.st.stm32cube.ide.mcu.externaltools.gnu-tools-for-stm32.11.3.rel1.win32_1.1.100.202309141235/tools/bin/../lib/gcc/arm-none-eabi/11.3.1/../../../../arm-none-eabi/lib/thumb/v7e-m+fp/hard\libc_nano.a(libc_a-mallocr.o)
                0x0000000020005234                __malloc_free_list
 .bss.__malloc_sbrk_start
                0x0000000020005238        0x4 C:/ST/STM32CubeIDE_1.14.1/STM32CubeIDE/plugins/com.st.stm32cube.ide.mcu.externaltools.gnu-tools-for-stm32.11.3.rel1.win32_1.1.100.202309141235/tools/bin/../lib/gcc/arm-none-eabi/11.3.1/../../../../arm-none-eabi/lib/thumb/v7e-m+fp/hard\libc_nano.a(libc_a-mallocr.o)
                0x0000000020005238                __malloc_sbrk_start
 *(COMMON)
                0x000000002000523c                . = ALIGN (0x4)
                0x000000002000523c                _ebss = .
                0x000000002000523c                __bss_end__ = _ebss

._user_heap_stack
                0x000000002000523c      0x604
                0x0000000020005240                . = ALIGN (0x8)
 *fill*         0x000000002000523c        0x4 
                [!provide]                        PROVIDE (end = .)
                0x0000000020005240                PROVIDE (_end = .)
                0x0000000020005440                . = (. + _Min_Heap_Size)
 *fill*         0x0000000020005240      0x200 
                0x0000000020005840                . = (. + _Min_Stack_Size)
 *fill*         0x0000000020005440      0x400 
                0x0000000020005840                . = ALIGN (0x8)

/DISCARD/
 libc.a(*)
 libm.a(*)
 libgcc.a(*)

.ARM.attributes
                0x0000000000000000       0x30
 *(.ARM.attributes)
 .ARM.attributes
                0x0000000000000000       0x1e C:/ST/STM32CubeIDE_1.14.1/STM32CubeIDE/plugins/com.st.stm32cube.ide.mcu.externaltools.gnu-tools-for-stm32.11.3.rel1.win32_1.1.100.202309141235/tools/bin/../lib/gcc/arm-none-eabi/11.3.1/thumb/v7e-m+fp/hard/crti.o
 .ARM.attributes
                0x000000000000001e       0x34 C:/ST/STM32CubeIDE_1.14.1/STM32CubeIDE/plugins/com.st.stm32cube.ide.mcu.externaltools.gnu-tools-for-stm32.11.3.rel1.win32_1.1.100.202309141235/tools/bin/../lib/gcc/arm-none-eabi/11.3.1/thumb/v7e-m+fp/hard/crtbegin.o
 .ARM.attributes
                0x0000000000000052       0x34 ./Core/Src/main.o
 .ARM.attributes
                0x0000000000000086       0x34 ./Core/Src/stm32f4xx_hal_msp.o
 .ARM.attributes
                0x00000000000000ba       0x34 ./Core/Src/stm32f4xx_it.o
 .ARM.attributes
                0x00000000000000ee       0x34 ./Core/Src/sysmem.o
 .ARM.attributes
                0x0000000000000122       0x34 ./Core/Src/system_stm32f4xx.o
 .ARM.attributes
                0x0000000000000156       0x21 ./Core/Startup/startup_stm32f407vetx.o
 .ARM.attributes
                0x0000000000000177       0x34 ./Drivers/PeripheralDriver/Src/oled.o
 .ARM.attributes
                0x00000000000001ab       0x34 ./Drivers/STM32F4xx_HAL_Driver/Src/stm32f4xx_hal.o
 .ARM.attributes
                0x00000000000001df       0x34 ./Drivers/STM32F4xx_HAL_Driver/Src/stm32f4xx_hal_cortex.o
 .ARM.attributes
                0x0000000000000213       0x34 ./Drivers/STM32F4xx_HAL_Driver/Src/stm32f4xx_hal_dma.o
 .ARM.attributes
                0x0000000000000247       0x34 ./Drivers/STM32F4xx_HAL_Driver/Src/stm32f4xx_hal_gpio.o
 .ARM.attributes
                0x000000000000027b       0x34 ./Drivers/STM32F4xx_HAL_Driver/Src/stm32f4xx_hal_i2c.o
 .ARM.attributes
                0x00000000000002af       0x34 ./Drivers/STM32F4xx_HAL_Driver/Src/stm32f4xx_hal_pwr.o
 .ARM.attributes
                0x00000000000002e3       0x34 ./Drivers/STM32F4xx_HAL_Driver/Src/stm32f4xx_hal_rcc.o
 .ARM.attributes
                0x0000000000000317       0x34 ./Drivers/STM32F4xx_HAL_Driver/Src/stm32f4xx_hal_tim.o
 .ARM.attributes
                0x000000000000034b       0x34 ./Drivers/STM32F4xx_HAL_Driver/Src/stm32f4xx_hal_tim_ex.o
 .ARM.attributes
                0x000000000000037f       0x34 ./Drivers/STM32F4xx_HAL_Driver/Src/stm32f4xx_hal_uart.o
 .ARM.attributes
                0x00000000000003b3       0x34 ./Middlewares/Third_Party/FreeRTOS/Source/CMSIS_RTOS_V2/cmsis_os2.o
 .ARM.attributes
                0x00000000000003e7       0x34 ./Middlewares/Third_Party/FreeRTOS/Source/list.o
 .ARM.attributes
                0x000000000000041b       0x34 ./Middlewares/Third_Party/FreeRTOS/Source/queue.o
 .ARM.attributes
                0x000000000000044f       0x34 ./Middlewares/Third_Party/FreeRTOS/Source/tasks.o
 .ARM.attributes
                0x0000000000000483       0x34 ./Middlewares/Third_Party/FreeRTOS/Source/timers.o
 .ARM.attributes
                0x00000000000004b7       0x34 ./Middlewares/Third_Party/FreeRTOS/Source/portable/GCC/ARM_CM4F/port.o
 .ARM.attributes
                0x00000000000004eb       0x34 ./Middlewares/Third_Party/FreeRTOS/Source/portable/MemMang/heap_4.o
 .ARM.attributes
                0x000000000000051f       0x34 C:/ST/STM32CubeIDE_1.14.1/STM32CubeIDE/plugins/com.st.stm32cube.ide.mcu.externaltools.gnu-tools-for-stm32.11.3.rel1.win32_1.1.100.202309141235/tools/bin/../lib/gcc/arm-none-eabi/11.3.1/../../../../arm-none-eabi/lib/thumb/v7e-m+fp/hard\libc_nano.a(libc_a-findfp.o)
 .ARM.attributes
                0x0000000000000553       0x34 C:/ST/STM32CubeIDE_1.14.1/STM32CubeIDE/plugins/com.st.stm32cube.ide.mcu.externaltools.gnu-tools-for-stm32.11.3.rel1.win32_1.1.100.202309141235/tools/bin/../lib/gcc/arm-none-eabi/11.3.1/../../../../arm-none-eabi/lib/thumb/v7e-m+fp/hard\libc_nano.a(libc_a-sprintf.o)
 .ARM.attributes