../Drivers/PeripheralDriver/Src/oled.c:20:6:OLED_WR_Byte	16	static
../Drivers/PeripheralDriver/Src/oled.c:8:6:OLED_Refresh_Gram	16	static
../Drivers/PeripheralDriver/Src/oled.c:43:6:OLED_Clear	4	static
../Drivers/PeripheralDriver/Src/oled.c:53:6:OLED_Display_On	8	static
../Drivers/PeripheralDriver/Src/oled.c:62:6:OLED_Display_Off	8	static
../Drivers/PeripheralDriver/Src/oled.c:72:6:OLED_DrawPoint	8	static
../Drivers/PeripheralDriver/Src/oled.c:85:6:OLED_ShowChar	48	static
../Drivers/PeripheralDriver/Src/oled.c:110:10:oled_pow	0	static
../Drivers/PeripheralDriver/Src/oled.c:120:6:OLED_ShowNumber	64	static
../Drivers/PeripheralDriver/Src/oled.c:142:6:OLED_ShowString	32	static
../Drivers/PeripheralDriver/Src/oled.c:156:6:OLED_Init	8	static
