../Core/Src/main.c:1087:6:StartDefaultTask	8	static
../Core/Src/main.c:1216:6:StartOLEDTask	128	static
../Core/Src/main.c:1541:6:StartEncoderTask	16	static
../Core/Src/main.c:287:6:SystemClock_Config	88	static,ignoring_inline_asm
../Core/Src/main.c:176:5:main	120	static,ignoring_inline_asm
../Core/Src/main.c:840:6:HAL_UART_RxCpltCallback	8	static
../Core/Src/main.c:848:6:delay	0	static
../Core/Src/main.c:854:6:HAL_TIM_IC_CaptureCallback	16	static
../Core/Src/main.c:884:6:HCSR04_Read	8	static
../Core/Src/main.c:909:6:moveCarStop	0	static
../Core/Src/main.c:1300:6:StartUltrasonicTask	8	static
../Core/Src/main.c:936:5:PID_Control	16	static
../Core/Src/main.c:976:5:PID_Angle	16	static
../Core/Src/main.c:1104:6:StartMotorTask	40	static
../Core/Src/main.c:1016:5:finishCheck	8	static
../Core/Src/main.c:893:6:moveCarStraight	16	static
../Core/Src/main.c:915:6:moveCarRight	16	static
../Core/Src/main.c:925:6:moveCarLeft	16	static
../Core/Src/main.c:1323:6:StartCommunicateTask	32	static
../Core/Src/main.c:1031:6:readByte	24	static
../Core/Src/main.c:1037:6:writeByte	16	static
../Core/Src/main.c:1043:6:gyroInit	8	static
../Core/Src/main.c:1255:6:StartGyroTask	56	static
../Core/Src/main.c:1065:6:IR_Left_Read	8	static
../Core/Src/main.c:1072:6:IR_Right_Read	8	static
../Core/Src/main.c:1603:6:StartIRTask	8	static
../Core/Src/main.c:1632:6:Error_Handler	0	static,ignoring_inline_asm
