../Core/Src/main.c:1092:6:StartDefaultTask	8	static
../Core/Src/main.c:1221:6:StartOLEDTask	128	static
../Core/Src/main.c:1558:6:StartEncoderTask	16	static
../Core/Src/main.c:291:6:SystemClock_Config	88	static,ignoring_inline_asm
../Core/Src/main.c:180:5:main	120	static,ignoring_inline_asm
../Core/Src/main.c:844:6:HAL_UART_RxCpltCallback	8	static
../Core/Src/main.c:852:6:delay	0	static
../Core/Src/main.c:858:6:HAL_TIM_IC_CaptureCallback	24	static
../Core/Src/main.c:889:6:HCSR04_Read	8	static
../Core/Src/main.c:914:6:moveCarStop	0	static
../Core/Src/main.c:1306:6:StartUltrasonicTask	8	static
../Core/Src/main.c:941:5:PID_Control	16	static
../Core/Src/main.c:981:5:PID_Angle	16	static
../Core/Src/main.c:1109:6:StartMotorTask	40	static
../Core/Src/main.c:1021:5:finishCheck	8	static
../Core/Src/main.c:898:6:moveCarStraight	16	static
../Core/Src/main.c:920:6:moveCarRight	16	static
../Core/Src/main.c:930:6:moveCarLeft	16	static
../Core/Src/main.c:1329:6:StartCommunicateTask	24	static
../Core/Src/main.c:1036:6:readByte	24	static
../Core/Src/main.c:1042:6:writeByte	16	static
../Core/Src/main.c:1048:6:gyroInit	8	static
../Core/Src/main.c:1260:6:StartGyroTask	56	static
../Core/Src/main.c:1070:6:IR_Left_Read	8	static
../Core/Src/main.c:1077:6:IR_Right_Read	8	static
../Core/Src/main.c:1620:6:StartIRTask	8	static
../Core/Src/main.c:1649:6:Error_Handler	0	static,ignoring_inline_asm
