../Core/Src/main.c:1122:6:StartDefaultTask	8	static
../Core/Src/main.c:1251:6:StartOLEDTask	152	static
../Core/Src/main.c:1627:6:StartEncoderTask	16	static
../Core/Src/main.c:307:6:SystemClock_Config	88	static,ignoring_inline_asm
../Core/Src/main.c:196:5:main	120	static,ignoring_inline_asm
../Core/Src/main.c:860:6:HAL_UART_RxCpltCallback	8	static
../Core/Src/main.c:868:6:delay	0	static
../Core/Src/main.c:874:6:HAL_TIM_IC_CaptureCallback	24	static
../Core/Src/main.c:909:6:HCSR04_Read	8	static
../Core/Src/main.c:934:6:moveCarStop	0	static
../Core/Src/main.c:1336:6:StartUltrasonicTask	8	static
../Core/Src/main.c:965:5:PID_Control	16	static
../Core/Src/main.c:1005:5:PID_Angle	16	static
../Core/Src/main.c:1139:6:StartMotorTask	40	static
../Core/Src/main.c:1045:5:finishCheck	8	static
../Core/Src/main.c:918:6:moveCarStraight	16	static
../Core/Src/main.c:940:6:moveCarRight	16	static
../Core/Src/main.c:952:6:moveCarLeft	16	static
../Core/Src/main.c:1362:6:StartCommunicateTask	32	static
../Core/Src/main.c:1059:6:readByte	24	static
../Core/Src/main.c:1065:6:writeByte	16	static
../Core/Src/main.c:1071:6:gyroInit	8	static
../Core/Src/main.c:1290:6:StartGyroTask	56	static
../Core/Src/main.c:1093:6:IR_Left_Read	16	static
../Core/Src/main.c:1689:6:StartIRTask	24	static
../Core/Src/main.c:1107:6:IR_Right_Read	8	static
../Core/Src/main.c:1721:6:Error_Handler	0	static,ignoring_inline_asm
