../Core/Src/main.c:1083:6:StartDefaultTask	8	static
../Core/Src/main.c:1212:6:StartOLEDTask	152	static
../Core/Src/main.c:1534:6:StartEncoderTask	16	static
../Core/Src/main.c:284:6:SystemClock_Config	88	static,ignoring_inline_asm
../Core/Src/main.c:173:5:main	120	static,ignoring_inline_asm
../Core/Src/main.c:837:6:HAL_UART_RxCpltCallback	0	static
../Core/Src/main.c:844:6:delay	0	static
../Core/Src/main.c:850:6:HAL_TIM_IC_CaptureCallback	16	static
../Core/Src/main.c:880:6:HCSR04_Read	8	static
../Core/Src/main.c:905:6:moveCarStop	0	static
../Core/Src/main.c:1296:6:StartUltrasonicTask	8	static
../Core/Src/main.c:932:5:PID_Control	16	static
../Core/Src/main.c:972:5:PID_Angle	16	static
../Core/Src/main.c:1100:6:StartMotorTask	40	static
../Core/Src/main.c:1012:5:finishCheck	8	static
../Core/Src/main.c:889:6:moveCarStraight	16	static
../Core/Src/main.c:911:6:moveCarRight	16	static
../Core/Src/main.c:921:6:moveCarLeft	16	static
../Core/Src/main.c:1320:6:StartCommunicateTask	32	static
../Core/Src/main.c:1027:6:readByte	24	static
../Core/Src/main.c:1033:6:writeByte	16	static
../Core/Src/main.c:1039:6:gyroInit	8	static
../Core/Src/main.c:1251:6:StartGyroTask	56	static
../Core/Src/main.c:1061:6:IR_Left_Read	8	static
../Core/Src/main.c:1068:6:IR_Right_Read	8	static
../Core/Src/main.c:1596:6:StartIRTask	8	static
../Core/Src/main.c:1623:6:Error_Handler	0	static,ignoring_inline_asm
