../Core/Src/main.c:966:6:StartDefaultTask	8	static
../Core/Src/main.c:1096:6:StartOLEDTask	88	static
../Core/Src/main.c:1285:6:StartEncoderRTask	16	static
../Core/Src/main.c:1325:6:StartEncoderLTask	16	static
../Core/Src/main.c:268:6:SystemClock_Config	88	static,ignoring_inline_asm
../Core/Src/main.c:157:5:main	120	static,ignoring_inline_asm
../Core/Src/main.c:723:6:HAL_UART_RxCpltCallback	8	static
../Core/Src/main.c:731:6:delay	0	static
../Core/Src/main.c:737:6:HAL_TIM_IC_CaptureCallback	16	static
../Core/Src/main.c:767:6:HCSR04_Read	8	static
../Core/Src/main.c:796:6:moveCarStop	0	static
../Core/Src/main.c:831:5:PID_Control	16	static
../Core/Src/main.c:871:5:PID_Angle	16	static
../Core/Src/main.c:983:6:StartMotorTask	40	static
../Core/Src/main.c:911:5:finishCheck	8	static
../Core/Src/main.c:776:6:moveCarStraight	16	static
../Core/Src/main.c:802:6:moveCarRight	16	static
../Core/Src/main.c:816:6:moveCarLeft	16	static
../Core/Src/main.c:1196:6:StartCommunicateTask	16	static,ignoring_inline_asm
../Core/Src/main.c:925:6:readByte	24	static
../Core/Src/main.c:931:6:writeByte	16	static
../Core/Src/main.c:937:6:gyroInit	8	static
../Core/Src/main.c:1123:6:StartGyroTask	56	static
../Core/Src/main.c:1169:6:StartUltrasonicTask	8	static
../Core/Src/main.c:1362:6:Error_Handler	0	static,ignoring_inline_asm
