../Core/Src/main.c:1166:6:StartUltrasonicTask	8	static
../Core/Src/main.c:961:6:StartDefaultTask	8	static
../Core/Src/main.c:1091:6:StartOLEDTask	112	static
../Core/Src/main.c:1280:6:StartEncoderRTask	16	static
../Core/Src/main.c:1321:6:StartEncoderLTask	16	static
../Core/Src/main.c:263:6:SystemClock_Config	88	static,ignoring_inline_asm
../Core/Src/main.c:153:5:main	120	static,ignoring_inline_asm
../Core/Src/main.c:718:6:HAL_UART_RxCpltCallback	0	static
../Core/Src/main.c:725:6:delay	0	static
../Core/Src/main.c:731:6:HAL_TIM_IC_CaptureCallback	16	static
../Core/Src/main.c:761:6:HCSR04_Read	8	static
../Core/Src/main.c:790:6:moveCarStop	0	static
../Core/Src/main.c:825:5:PID_Control	16	static
../Core/Src/main.c:865:5:PID_Angle	16	static
../Core/Src/main.c:978:6:StartMotorTask	40	static
../Core/Src/main.c:905:5:finishCheck	8	static
../Core/Src/main.c:770:6:moveCarStraight	16	static
../Core/Src/main.c:796:6:moveCarRight	16	static
../Core/Src/main.c:810:6:moveCarLeft	16	static
../Core/Src/main.c:1193:6:StartCommunicateTask	16	static,ignoring_inline_asm
../Core/Src/main.c:920:6:readByte	24	static
../Core/Src/main.c:926:6:writeByte	16	static
../Core/Src/main.c:932:6:gyroInit	8	static
../Core/Src/main.c:1121:6:StartGyroTask	56	static
../Core/Src/main.c:1359:6:Error_Handler	0	static,ignoring_inline_asm
