../Core/Src/main.c:1119:6:StartDefaultTask	8	static
../Core/Src/main.c:1248:6:StartOLEDTask	152	static
../Core/Src/main.c:1614:6:StartEncoderTask	16	static
../Core/Src/main.c:303:6:SystemClock_Config	88	static,ignoring_inline_asm
../Core/Src/main.c:192:5:main	120	static,ignoring_inline_asm
../Core/Src/main.c:856:6:HAL_UART_RxCpltCallback	8	static
../Core/Src/main.c:864:6:delay	0	static
../Core/Src/main.c:870:6:HAL_TIM_IC_CaptureCallback	24	static
../Core/Src/main.c:905:6:HCSR04_Read	8	static
../Core/Src/main.c:930:6:moveCarStop	0	static
../Core/Src/main.c:1333:6:StartUltrasonicTask	8	static
../Core/Src/main.c:961:5:PID_Control	16	static
../Core/Src/main.c:1001:5:PID_Angle	16	static
../Core/Src/main.c:1136:6:StartMotorTask	40	static
../Core/Src/main.c:1041:5:finishCheck	8	static
../Core/Src/main.c:914:6:moveCarStraight	16	static
../Core/Src/main.c:936:6:moveCarRight	16	static
../Core/Src/main.c:948:6:moveCarLeft	16	static
../Core/Src/main.c:1355:6:StartCommunicateTask	32	static
../Core/Src/main.c:1055:6:readByte	24	static
../Core/Src/main.c:1061:6:writeByte	16	static
../Core/Src/main.c:1067:6:gyroInit	8	static
../Core/Src/main.c:1287:6:StartGyroTask	48	static
../Core/Src/main.c:1089:6:IR_Left_Read	16	static
../Core/Src/main.c:1676:6:StartIRTask	24	static
../Core/Src/main.c:1104:6:IR_Right_Read	8	static
../Core/Src/main.c:1701:6:Error_Handler	0	static,ignoring_inline_asm
