../Core/Src/main.c:677:6:StartDefaultTask	2
../Core/Src/main.c:735:6:OLEDDisplay	2
../Core/Src/main.c:941:6:MOTOR	1
../Core/Src/main.c:1043:6:LEncoder	3
../Core/Src/main.c:1082:6:REncoder	3
../Core/Src/main.c:268:6:SystemClock_Config	3
../Core/Src/main.c:163:5:main	18
../Core/Src/main.c:665:6:HAL_UART_RxCpltCallback	1
../Core/Src/main.c:695:6:readByte	1
../Core/Src/main.c:701:6:writeByte	1
../Core/Src/main.c:707:6:gyroInit	1
../Core/Src/main.c:786:6:buzzerBeep	1
../Core/Src/main.c:1121:6:startGyroTask	2
../Core/Src/main.c:793:5:PID_Control	1
../Core/Src/main.c:808:6:moveCarStraight	3
../Core/Src/main.c:871:6:StartComm	12
../Core/Src/main.c:1175:6:Error_Handler	1
