../Core/Src/main.c:677:6:StartDefaultTask	16	static
../Core/Src/main.c:735:6:OLEDDisplay	32	static
../Core/Src/main.c:941:6:MOTOR	8	static
../Core/Src/main.c:1043:6:LEncoder	16	static
../Core/Src/main.c:1082:6:REncoder	16	static
../Core/Src/main.c:268:6:SystemClock_Config	88	static,ignoring_inline_asm
../Core/Src/main.c:163:5:main	112	static,ignoring_inline_asm
../Core/Src/main.c:665:6:HAL_UART_RxCpltCallback	0	static
../Core/Src/main.c:695:6:readByte	24	static
../Core/Src/main.c:701:6:writeByte	16	static
../Core/Src/main.c:707:6:gyroInit	8	static
../Core/Src/main.c:786:6:buzzerBeep	8	static
../Core/Src/main.c:1121:6:startGyroTask	56	static
../Core/Src/main.c:793:5:PID_Control	24	static
../Core/Src/main.c:808:6:moveCarStraight	16	static
../Core/Src/main.c:871:6:StartComm	16	static,ignoring_inline_asm
../Core/Src/main.c:1175:6:Error_Handler	0	static,ignoring_inline_asm
