../Core/Src/stm32f4xx_hal_msp.c:66:6:HAL_MspInit	8	static
../Core/Src/stm32f4xx_hal_msp.c:90:6:HAL_I2C_MspInit	48	static
../Core/Src/stm32f4xx_hal_msp.c:126:6:HAL_I2C_MspDeInit	8	static
../Core/Src/stm32f4xx_hal_msp.c:157:6:HAL_TIM_PWM_MspInit	8	static
../Core/Src/stm32f4xx_hal_msp.c:179:6:HAL_TIM_Encoder_MspInit	48	static
../Core/Src/stm32f4xx_hal_msp.c:223:6:HAL_TIM_Base_MspInit	8	static
../Core/Src/stm32f4xx_hal_msp.c:239:6:HAL_TIM_MspPostInit	40	static
../Core/Src/stm32f4xx_hal_msp.c:292:6:HAL_TIM_PWM_MspDeInit	0	static
../Core/Src/stm32f4xx_hal_msp.c:314:6:HAL_TIM_Encoder_MspDeInit	8	static
../Core/Src/stm32f4xx_hal_msp.c:345:6:HAL_TIM_Base_MspDeInit	0	static
../Core/Src/stm32f4xx_hal_msp.c:367:6:HAL_UART_MspInit	40	static
../Core/Src/stm32f4xx_hal_msp.c:406:6:HAL_UART_MspDeInit	8	static
