../Core/Src/main.c:651:6:StartDefaultTask	16	static
../Core/Src/main.c:711:6:OLEDDisplay	56	static
../Core/Src/main.c:859:6:MOTOR	8	static
../Core/Src/main.c:1117:6:LEncoder	16	static
../Core/Src/main.c:1156:6:REncoder	16	static
../Core/Src/main.c:243:6:SystemClock_Config	88	static,ignoring_inline_asm
../Core/Src/main.c:144:5:main	112	static,ignoring_inline_asm
../Core/Src/main.c:671:6:readByte	24	static
../Core/Src/main.c:677:6:writeByte	16	static
../Core/Src/main.c:683:6:gyroInit	8	static
../Core/Src/main.c:755:6:buzzerBeep	8	static
../Core/Src/main.c:1195:6:startGyroTask	56	static
../Core/Src/main.c:762:5:PID_Control	16	static
../Core/Src/main.c:803:5:PID_Angle	16	static
../Core/Src/main.c:844:5:finishCheck	8	static
../Core/Src/main.c:1250:6:Error_Handler	0	static,ignoring_inline_asm
