../Core/Src/stm32f4xx_hal_msp.c:66:6:HAL_MspInit	8	static
../Core/Src/stm32f4xx_hal_msp.c:90:6:HAL_I2C_MspInit	48	static
../Core/Src/stm32f4xx_hal_msp.c:126:6:HAL_I2C_MspDeInit	8	static
../Core/Src/stm32f4xx_hal_msp.c:157:6:HAL_TIM_PWM_MspInit	8	static
../Core/Src/stm32f4xx_hal_msp.c:179:6:HAL_TIM_Encoder_MspInit	56	static
../Core/Src/stm32f4xx_hal_msp.c:247:6:HAL_TIM_Base_MspInit	8	static
../Core/Src/stm32f4xx_hal_msp.c:263:6:HAL_TIM_MspPostInit	40	static
../Core/Src/stm32f4xx_hal_msp.c:316:6:HAL_TIM_PWM_MspDeInit	0	static
../Core/Src/stm32f4xx_hal_msp.c:338:6:HAL_TIM_Encoder_MspDeInit	8	static
../Core/Src/stm32f4xx_hal_msp.c:387:6:HAL_TIM_Base_MspDeInit	0	static
../Core/Src/stm32f4xx_hal_msp.c:409:6:HAL_UART_MspInit	40	static
../Core/Src/stm32f4xx_hal_msp.c:448:6:HAL_UART_MspDeInit	8	static
