../Core/Src/main.c:954:6:StartDefaultTask	8	static
../Core/Src/main.c:1084:6:StartOLEDTask	88	static
../Core/Src/main.c:1262:6:StartEncoderRTask	16	static
../Core/Src/main.c:1302:6:StartEncoderLTask	16	static
../Core/Src/main.c:268:6:SystemClock_Config	88	static,ignoring_inline_asm
../Core/Src/main.c:157:5:main	120	static,ignoring_inline_asm
../Core/Src/main.c:723:6:HAL_UART_RxCpltCallback	8	static
../Core/Src/main.c:731:6:delay	0	static
../Core/Src/main.c:737:6:HAL_TIM_IC_CaptureCallback	16	static
../Core/Src/main.c:767:6:HCSR04_Read	8	static
../Core/Src/main.c:792:6:moveCarStop	0	static
../Core/Src/main.c:819:5:PID_Control	16	static
../Core/Src/main.c:859:5:PID_Angle	16	static
../Core/Src/main.c:971:6:StartMotorTask	40	static
../Core/Src/main.c:899:5:finishCheck	8	static
../Core/Src/main.c:776:6:moveCarStraight	16	static
../Core/Src/main.c:798:6:moveCarRight	16	static
../Core/Src/main.c:808:6:moveCarLeft	16	static
../Core/Src/main.c:1173:6:StartCommunicateTask	16	static,ignoring_inline_asm
../Core/Src/main.c:913:6:readByte	24	static
../Core/Src/main.c:919:6:writeByte	16	static
../Core/Src/main.c:925:6:gyroInit	8	static
../Core/Src/main.c:1111:6:StartGyroTask	48	static
../Core/Src/main.c:1157:6:StartUltrasonicTask	8	static
../Core/Src/main.c:1339:6:Error_Handler	0	static,ignoring_inline_asm
