../Core/Src/main.c:891:6:StartDefaultTask	8	static
../Core/Src/main.c:1021:6:StartOLEDTask	88	static
../Core/Src/main.c:1183:6:StartEncoderRTask	16	static
../Core/Src/main.c:1223:6:StartEncoderLTask	16	static
../Core/Src/main.c:250:6:SystemClock_Config	88	static,ignoring_inline_asm
../Core/Src/main.c:144:5:main	120	static,ignoring_inline_asm
../Core/Src/main.c:705:6:HAL_UART_RxCpltCallback	8	static
../Core/Src/main.c:729:6:moveCarStop	0	static
../Core/Src/main.c:756:5:PID_Control	16	static
../Core/Src/main.c:796:5:PID_Angle	16	static
../Core/Src/main.c:908:6:StartMotorTask	40	static
../Core/Src/main.c:836:5:finishCheck	8	static
../Core/Src/main.c:713:6:moveCarStraight	16	static
../Core/Src/main.c:735:6:moveCarRight	16	static
../Core/Src/main.c:745:6:moveCarLeft	16	static
../Core/Src/main.c:1094:6:StartCommunicateTask	16	static,ignoring_inline_asm
../Core/Src/main.c:850:6:readByte	24	static
../Core/Src/main.c:856:6:writeByte	16	static
../Core/Src/main.c:862:6:gyroInit	8	static
../Core/Src/main.c:1048:6:StartGyroTask	48	static
../Core/Src/main.c:1260:6:Error_Handler	0	static,ignoring_inline_asm
